2025-08-08T07:10:25.5718836Z Current runner version: '2.327.1'
2025-08-08T07:10:25.5741723Z ##[group]Runner Image Provisioner
2025-08-08T07:10:25.5742616Z Hosted Compute Agent
2025-08-08T07:10:25.5743120Z Version: 20250711.363
2025-08-08T07:10:25.5743697Z Commit: 6785254374ce925a23743850c1cb91912ce5c14c
2025-08-08T07:10:25.5744616Z Build Date: 2025-07-11T20:04:25Z
2025-08-08T07:10:25.5745180Z ##[endgroup]
2025-08-08T07:10:25.5745714Z ##[group]Operating System
2025-08-08T07:10:25.5746305Z Ubuntu
2025-08-08T07:10:25.5746784Z 24.04.2
2025-08-08T07:10:25.5747211Z LTS
2025-08-08T07:10:25.5747703Z ##[endgroup]
2025-08-08T07:10:25.5748156Z ##[group]Runner Image
2025-08-08T07:10:25.5748713Z Image: ubuntu-24.04
2025-08-08T07:10:25.5749257Z Version: 20250728.1.0
2025-08-08T07:10:25.5750214Z Included Software: https://github.com/actions/runner-images/blob/ubuntu24/20250728.1/images/ubuntu/Ubuntu2404-Readme.md
2025-08-08T07:10:25.5751677Z Image Release: https://github.com/actions/runner-images/releases/tag/ubuntu24%2F20250728.1
2025-08-08T07:10:25.5752691Z ##[endgroup]
2025-08-08T07:10:25.5753938Z ##[group]GITHUB_TOKEN Permissions
2025-08-08T07:10:25.5755989Z Contents: read
2025-08-08T07:10:25.5756493Z Metadata: read
2025-08-08T07:10:25.5757058Z Packages: read
2025-08-08T07:10:25.5757540Z ##[endgroup]
2025-08-08T07:10:25.5759856Z Secret source: Actions
2025-08-08T07:10:25.5760701Z Prepare workflow directory
2025-08-08T07:10:25.6132165Z Prepare all required actions
2025-08-08T07:10:25.6168746Z Getting action download info
2025-08-08T07:10:26.0546819Z ##[group]Download immutable action package 'actions/checkout@v4'
2025-08-08T07:10:26.0547838Z Version: 4.2.2
2025-08-08T07:10:26.0548833Z Digest: sha256:ccb2698953eaebd21c7bf6268a94f9c26518a7e38e27e0b83c1fe1ad049819b1
2025-08-08T07:10:26.0549952Z Source commit SHA: 11bd71901bbe5b1630ceea73d27597364c9af683
2025-08-08T07:10:26.0550778Z ##[endgroup]
2025-08-08T07:10:26.1481068Z ##[group]Download immutable action package 'actions/setup-python@v5'
2025-08-08T07:10:26.1481844Z Version: 5.6.0
2025-08-08T07:10:26.1482670Z Digest: sha256:0b35a0c11c97499e4e0576589036d450b9f5f9da74b7774225b3614b57324404
2025-08-08T07:10:26.1483605Z Source commit SHA: a26af69be951a213d495a4c3e4e4022e16d87065
2025-08-08T07:10:26.1484562Z ##[endgroup]
2025-08-08T07:10:26.6857567Z Complete job name: Code Quality
2025-08-08T07:10:26.7541040Z ##[group]Run actions/checkout@v4
2025-08-08T07:10:26.7541938Z with:
2025-08-08T07:10:26.7542569Z   repository: stranske/Portable-Alpha-Extension-Model
2025-08-08T07:10:26.7543380Z   token: ***
2025-08-08T07:10:26.7543942Z   ssh-strict: true
2025-08-08T07:10:26.7544375Z   ssh-user: git
2025-08-08T07:10:26.7544801Z   persist-credentials: true
2025-08-08T07:10:26.7545281Z   clean: true
2025-08-08T07:10:26.7545702Z   sparse-checkout-cone-mode: true
2025-08-08T07:10:26.7546228Z   fetch-depth: 1
2025-08-08T07:10:26.7546642Z   fetch-tags: false
2025-08-08T07:10:26.7547082Z   show-progress: true
2025-08-08T07:10:26.7547504Z   lfs: false
2025-08-08T07:10:26.7547905Z   submodules: false
2025-08-08T07:10:26.7548347Z   set-safe-directory: true
2025-08-08T07:10:26.7549102Z env:
2025-08-08T07:10:26.7549505Z   PYTHON_VERSION: 3.12
2025-08-08T07:10:26.7549944Z ##[endgroup]
2025-08-08T07:10:26.8609657Z Syncing repository: stranske/Portable-Alpha-Extension-Model
2025-08-08T07:10:26.8611641Z ##[group]Getting Git version info
2025-08-08T07:10:26.8612696Z Working directory is '/home/runner/work/Portable-Alpha-Extension-Model/Portable-Alpha-Extension-Model'
2025-08-08T07:10:26.8614186Z [command]/usr/bin/git version
2025-08-08T07:10:26.8654998Z git version 2.50.1
2025-08-08T07:10:26.8680244Z ##[endgroup]
2025-08-08T07:10:26.8694643Z Temporarily overriding HOME='/home/runner/work/_temp/fbd1b3e5-318a-481d-8df1-d79fdad08b59' before making global git config changes
2025-08-08T07:10:26.8696159Z Adding repository directory to the temporary git global config as a safe directory
2025-08-08T07:10:26.8700192Z [command]/usr/bin/git config --global --add safe.directory /home/runner/work/Portable-Alpha-Extension-Model/Portable-Alpha-Extension-Model
2025-08-08T07:10:26.8732285Z Deleting the contents of '/home/runner/work/Portable-Alpha-Extension-Model/Portable-Alpha-Extension-Model'
2025-08-08T07:10:26.8735503Z ##[group]Initializing the repository
2025-08-08T07:10:26.8739684Z [command]/usr/bin/git init /home/runner/work/Portable-Alpha-Extension-Model/Portable-Alpha-Extension-Model
2025-08-08T07:10:26.8808772Z hint: Using 'master' as the name for the initial branch. This default branch name
2025-08-08T07:10:26.8810627Z hint: is subject to change. To configure the initial branch name to use in all
2025-08-08T07:10:26.8812525Z hint: of your new repositories, which will suppress this warning, call:
2025-08-08T07:10:26.8814287Z hint:
2025-08-08T07:10:26.8814971Z hint: 	git config --global init.defaultBranch <name>
2025-08-08T07:10:26.8815688Z hint:
2025-08-08T07:10:26.8816276Z hint: Names commonly chosen instead of 'master' are 'main', 'trunk' and
2025-08-08T07:10:26.8817222Z hint: 'development'. The just-created branch can be renamed via this command:
2025-08-08T07:10:26.8817976Z hint:
2025-08-08T07:10:26.8818487Z hint: 	git branch -m <name>
2025-08-08T07:10:26.8819291Z hint:
2025-08-08T07:10:26.8819997Z hint: Disable this message with "git config set advice.defaultBranchName false"
2025-08-08T07:10:26.8821396Z Initialized empty Git repository in /home/runner/work/Portable-Alpha-Extension-Model/Portable-Alpha-Extension-Model/.git/
2025-08-08T07:10:26.8824324Z [command]/usr/bin/git remote add origin https://github.com/stranske/Portable-Alpha-Extension-Model
2025-08-08T07:10:26.8854633Z ##[endgroup]
2025-08-08T07:10:26.8855398Z ##[group]Disabling automatic garbage collection
2025-08-08T07:10:26.8858929Z [command]/usr/bin/git config --local gc.auto 0
2025-08-08T07:10:26.8886775Z ##[endgroup]
2025-08-08T07:10:26.8887470Z ##[group]Setting up auth
2025-08-08T07:10:26.8893378Z [command]/usr/bin/git config --local --name-only --get-regexp core\.sshCommand
2025-08-08T07:10:26.8923119Z [command]/usr/bin/git submodule foreach --recursive sh -c "git config --local --name-only --get-regexp 'core\.sshCommand' && git config --local --unset-all 'core.sshCommand' || :"
2025-08-08T07:10:26.9204186Z [command]/usr/bin/git config --local --name-only --get-regexp http\.https\:\/\/github\.com\/\.extraheader
2025-08-08T07:10:26.9232101Z [command]/usr/bin/git submodule foreach --recursive sh -c "git config --local --name-only --get-regexp 'http\.https\:\/\/github\.com\/\.extraheader' && git config --local --unset-all 'http.https://github.com/.extraheader' || :"
2025-08-08T07:10:26.9449926Z [command]/usr/bin/git config --local http.https://github.com/.extraheader AUTHORIZATION: basic ***
2025-08-08T07:10:26.9491550Z ##[endgroup]
2025-08-08T07:10:26.9492380Z ##[group]Fetching the repository
2025-08-08T07:10:26.9500838Z [command]/usr/bin/git -c protocol.version=2 fetch --no-tags --prune --no-recurse-submodules --depth=1 origin +eb202c50bf08cd5102c4f6e115e322a5d2d4c293:refs/remotes/pull/299/merge
2025-08-08T07:10:27.5259883Z From https://github.com/stranske/Portable-Alpha-Extension-Model
2025-08-08T07:10:27.5262914Z  * [new ref]         eb202c50bf08cd5102c4f6e115e322a5d2d4c293 -> pull/299/merge
2025-08-08T07:10:27.5285614Z ##[endgroup]
2025-08-08T07:10:27.5287487Z ##[group]Determining the checkout info
2025-08-08T07:10:27.5289397Z ##[endgroup]
2025-08-08T07:10:27.5294281Z [command]/usr/bin/git sparse-checkout disable
2025-08-08T07:10:27.5331591Z [command]/usr/bin/git config --local --unset-all extensions.worktreeConfig
2025-08-08T07:10:27.5358900Z ##[group]Checking out the ref
2025-08-08T07:10:27.5362273Z [command]/usr/bin/git checkout --progress --force refs/remotes/pull/299/merge
2025-08-08T07:10:27.5662108Z Note: switching to 'refs/remotes/pull/299/merge'.
2025-08-08T07:10:27.5663362Z 
2025-08-08T07:10:27.5664489Z You are in 'detached HEAD' state. You can look around, make experimental
2025-08-08T07:10:27.5666273Z changes and commit them, and you can discard any commits you make in this
2025-08-08T07:10:27.5668786Z state without impacting any branches by switching back to a branch.
2025-08-08T07:10:27.5670775Z 
2025-08-08T07:10:27.5671755Z If you want to create a new branch to retain commits you create, you may
2025-08-08T07:10:27.5674402Z do so (now or later) by using -c with the switch command. Example:
2025-08-08T07:10:27.5675823Z 
2025-08-08T07:10:27.5676404Z   git switch -c <new-branch-name>
2025-08-08T07:10:27.5677443Z 
2025-08-08T07:10:27.5677950Z Or undo this operation with:
2025-08-08T07:10:27.5678859Z 
2025-08-08T07:10:27.5679275Z   git switch -
2025-08-08T07:10:27.5679909Z 
2025-08-08T07:10:27.5681043Z Turn off this advice by setting config variable advice.detachedHead to false
2025-08-08T07:10:27.5682912Z 
2025-08-08T07:10:27.5684978Z HEAD is now at eb202c5 Merge c6a2e8f472c12d41dc3a657caa6e51b3a9e67fd5 into 45d2a64aaa964d207807606a85b04ae65abc44ee
2025-08-08T07:10:27.5689469Z ##[endgroup]
2025-08-08T07:10:27.5710838Z [command]/usr/bin/git log -1 --format=%H
2025-08-08T07:10:27.5732695Z eb202c50bf08cd5102c4f6e115e322a5d2d4c293
2025-08-08T07:10:27.6037268Z ##[group]Run actions/setup-python@v5
2025-08-08T07:10:27.6038442Z with:
2025-08-08T07:10:27.6039239Z   python-version: 3.12
2025-08-08T07:10:27.6040170Z   cache: pip
2025-08-08T07:10:27.6040988Z   check-latest: false
2025-08-08T07:10:27.6042154Z   token: ***
2025-08-08T07:10:27.6043013Z   update-environment: true
2025-08-08T07:10:27.6044186Z   allow-prereleases: false
2025-08-08T07:10:27.6045194Z   freethreaded: false
2025-08-08T07:10:27.6046056Z env:
2025-08-08T07:10:27.6046838Z   PYTHON_VERSION: 3.12
2025-08-08T07:10:27.6047741Z ##[endgroup]
2025-08-08T07:10:27.7701656Z ##[group]Installed versions
2025-08-08T07:10:27.7794258Z Successfully set up CPython (3.12.11)
2025-08-08T07:10:27.7796060Z ##[endgroup]
2025-08-08T07:10:27.8642090Z [command]/opt/hostedtoolcache/Python/3.12.11/x64/bin/pip cache dir
2025-08-08T07:10:31.7882791Z /home/runner/.cache/pip
2025-08-08T07:10:32.0997472Z Cache hit for: setup-python-Linux-x64-24.04-Ubuntu-python-3.12.11-pip-21ece2bede40bc9476da641132b98523344a6db6f1999222d04ca3167f5250ce
2025-08-08T07:10:33.3471255Z Received 5665611 of 5665611 (100.0%), 5.6 MBs/sec
2025-08-08T07:10:33.3471890Z Cache Size: ~5 MB (5665611 B)
2025-08-08T07:10:33.3499227Z [command]/usr/bin/tar -xf /home/runner/work/_temp/74e73469-0fd3-45e4-bb8e-e7f2dee025ac/cache.tzst -P -C /home/runner/work/Portable-Alpha-Extension-Model/Portable-Alpha-Extension-Model --use-compress-program unzstd
2025-08-08T07:10:33.3700681Z Cache restored successfully
2025-08-08T07:10:33.3739534Z Cache restored from key: setup-python-Linux-x64-24.04-Ubuntu-python-3.12.11-pip-21ece2bede40bc9476da641132b98523344a6db6f1999222d04ca3167f5250ce
2025-08-08T07:10:33.3869263Z ##[group]Run python -m pip install --upgrade pip
2025-08-08T07:10:33.3869679Z [36;1mpython -m pip install --upgrade pip[0m
2025-08-08T07:10:33.3869991Z [36;1mpip install -r requirements-dev.txt[0m
2025-08-08T07:10:33.3870253Z [36;1mpip install -e .[0m
2025-08-08T07:10:33.3905208Z shell: /usr/bin/bash -e {0}
2025-08-08T07:10:33.3905463Z env:
2025-08-08T07:10:33.3905637Z   PYTHON_VERSION: 3.12
2025-08-08T07:10:33.3905949Z   pythonLocation: /opt/hostedtoolcache/Python/3.12.11/x64
2025-08-08T07:10:33.3906379Z   PKG_CONFIG_PATH: /opt/hostedtoolcache/Python/3.12.11/x64/lib/pkgconfig
2025-08-08T07:10:33.3906782Z   Python_ROOT_DIR: /opt/hostedtoolcache/Python/3.12.11/x64
2025-08-08T07:10:33.3907139Z   Python2_ROOT_DIR: /opt/hostedtoolcache/Python/3.12.11/x64
2025-08-08T07:10:33.3907489Z   Python3_ROOT_DIR: /opt/hostedtoolcache/Python/3.12.11/x64
2025-08-08T07:10:33.3907846Z   LD_LIBRARY_PATH: /opt/hostedtoolcache/Python/3.12.11/x64/lib
2025-08-08T07:10:33.3908135Z ##[endgroup]
2025-08-08T07:10:34.4940643Z Requirement already satisfied: pip in /opt/hostedtoolcache/Python/3.12.11/x64/lib/python3.12/site-packages (25.1.1)
2025-08-08T07:10:34.5719168Z Collecting pip
2025-08-08T07:10:34.5732250Z   Using cached pip-25.2-py3-none-any.whl.metadata (4.7 kB)
2025-08-08T07:10:34.5764557Z Using cached pip-25.2-py3-none-any.whl (1.8 MB)
2025-08-08T07:10:34.5950710Z Installing collected packages: pip
2025-08-08T07:10:34.5952651Z   Attempting uninstall: pip
2025-08-08T07:10:34.5971083Z     Found existing installation: pip 25.1.1
2025-08-08T07:10:34.6658903Z     Uninstalling pip-25.1.1:
2025-08-08T07:10:34.6715344Z       Successfully uninstalled pip-25.1.1
2025-08-08T07:10:35.5280047Z Successfully installed pip-25.2
2025-08-08T07:10:36.1615092Z Collecting numpy (from -r requirements-dev.txt (line 2))
2025-08-08T07:10:36.1973510Z   Downloading numpy-2.3.2-cp312-cp312-manylinux_2_27_x86_64.manylinux_2_28_x86_64.whl.metadata (62 kB)
2025-08-08T07:10:36.3209195Z Collecting pandas (from -r requirements-dev.txt (line 3))
2025-08-08T07:10:36.3242901Z   Downloading pandas-2.3.1-cp312-cp312-manylinux_2_17_x86_64.manylinux2014_x86_64.whl.metadata (91 kB)
2025-08-08T07:10:36.3801105Z Collecting openpyxl (from -r requirements-dev.txt (line 4))
2025-08-08T07:10:36.3836107Z   Downloading openpyxl-3.1.5-py2.py3-none-any.whl.metadata (2.5 kB)
2025-08-08T07:10:36.3929161Z Collecting jupyter (from -r requirements-dev.txt (line 5))
2025-08-08T07:10:36.3983328Z   Downloading jupyter-1.1.1-py2.py3-none-any.whl.metadata (2.0 kB)
2025-08-08T07:10:36.4354140Z Collecting pytest (from -r requirements-dev.txt (line 6))
2025-08-08T07:10:36.4390460Z   Downloading pytest-8.4.1-py3-none-any.whl.metadata (7.7 kB)
2025-08-08T07:10:36.7060651Z Collecting hypothesis (from -r requirements-dev.txt (line 7))
2025-08-08T07:10:36.7116041Z   Downloading hypothesis-6.137.1-py3-none-any.whl.metadata (5.6 kB)
2025-08-08T07:10:37.0738170Z Collecting ruff (from -r requirements-dev.txt (line 8))
2025-08-08T07:10:37.0773953Z   Downloading ruff-0.12.8-py3-none-manylinux_2_17_x86_64.manylinux2014_x86_64.whl.metadata (25 kB)
2025-08-08T07:10:37.1246228Z Collecting pyright (from -r requirements-dev.txt (line 9))
2025-08-08T07:10:37.1292325Z   Downloading pyright-1.1.403-py3-none-any.whl.metadata (6.6 kB)
2025-08-08T07:10:37.2438403Z Collecting pydantic (from -r requirements-dev.txt (line 10))
2025-08-08T07:10:37.2486015Z   Downloading pydantic-2.11.7-py3-none-any.whl.metadata (67 kB)
2025-08-08T07:10:37.2938531Z Collecting rich (from -r requirements-dev.txt (line 11))
2025-08-08T07:10:37.2952210Z   Using cached rich-14.1.0-py3-none-any.whl.metadata (18 kB)
2025-08-08T07:10:37.3341080Z Collecting plotly>=5.19 (from -r requirements-dev.txt (line 12))
2025-08-08T07:10:37.3379743Z   Downloading plotly-6.2.0-py3-none-any.whl.metadata (8.5 kB)
2025-08-08T07:10:37.3606134Z Collecting kaleido (from -r requirements-dev.txt (line 13))
2025-08-08T07:10:37.3647240Z   Downloading kaleido-1.0.0-py3-none-any.whl.metadata (5.6 kB)
2025-08-08T07:10:37.4067794Z Collecting streamlit>=1.35 (from -r requirements-dev.txt (line 14))
2025-08-08T07:10:37.4110301Z   Downloading streamlit-1.48.0-py3-none-any.whl.metadata (9.5 kB)
2025-08-08T07:10:37.4290289Z Collecting python-pptx (from -r requirements-dev.txt (line 15))
2025-08-08T07:10:37.4325638Z   Downloading python_pptx-1.0.2-py3-none-any.whl.metadata (2.5 kB)
2025-08-08T07:10:37.4656812Z Collecting xlsxwriter (from -r requirements-dev.txt (line 16))
2025-08-08T07:10:37.4716628Z   Downloading xlsxwriter-3.2.5-py3-none-any.whl.metadata (2.7 kB)
2025-08-08T07:10:37.5162583Z Collecting black (from -r requirements-dev.txt (line 19))
2025-08-08T07:10:37.5201846Z   Downloading black-25.1.0-cp312-cp312-manylinux_2_17_x86_64.manylinux2014_x86_64.manylinux_2_28_x86_64.whl.metadata (81 kB)
2025-08-08T07:10:37.5677204Z Collecting pre-commit (from -r requirements-dev.txt (line 20))
2025-08-08T07:10:37.5708852Z   Downloading pre_commit-4.2.0-py2.py3-none-any.whl.metadata (1.3 kB)
2025-08-08T07:10:37.5882057Z Collecting pytest-cov (from -r requirements-dev.txt (line 21))
2025-08-08T07:10:37.5911949Z   Downloading pytest_cov-6.2.1-py3-none-any.whl.metadata (30 kB)
2025-08-08T07:10:37.6139149Z Collecting pytest-xdist (from -r requirements-dev.txt (line 22))
2025-08-08T07:10:37.6175784Z   Downloading pytest_xdist-3.8.0-py3-none-any.whl.metadata (3.0 kB)
2025-08-08T07:10:37.6355626Z Collecting bandit (from -r requirements-dev.txt (line 23))
2025-08-08T07:10:37.6367271Z   Using cached bandit-1.8.6-py3-none-any.whl.metadata (6.9 kB)
2025-08-08T07:10:37.7369885Z Collecting mypy (from -r requirements-dev.txt (line 24))
2025-08-08T07:10:37.7403696Z   Downloading mypy-1.17.1-cp312-cp312-manylinux2014_x86_64.manylinux_2_17_x86_64.manylinux_2_28_x86_64.whl.metadata (2.2 kB)
2025-08-08T07:10:37.7632479Z Collecting types-PyYAML (from -r requirements-dev.txt (line 25))
2025-08-08T07:10:37.7667640Z   Downloading types_pyyaml-6.0.12.20250516-py3-none-any.whl.metadata (1.8 kB)
2025-08-08T07:10:37.7903358Z Collecting flake8 (from -r requirements-dev.txt (line 26))
2025-08-08T07:10:37.7944542Z   Downloading flake8-7.3.0-py2.py3-none-any.whl.metadata (3.8 kB)
2025-08-08T07:10:37.8590736Z Collecting isort (from -r requirements-dev.txt (line 27))
2025-08-08T07:10:37.8630272Z   Downloading isort-6.0.1-py3-none-any.whl.metadata (11 kB)
2025-08-08T07:10:37.9082394Z Collecting sphinx (from -r requirements-dev.txt (line 30))
2025-08-08T07:10:37.9123550Z   Downloading sphinx-8.2.3-py3-none-any.whl.metadata (7.0 kB)
2025-08-08T07:10:37.9380382Z Collecting sphinx-rtd-theme (from -r requirements-dev.txt (line 31))
2025-08-08T07:10:37.9424167Z   Downloading sphinx_rtd_theme-3.0.2-py2.py3-none-any.whl.metadata (4.4 kB)
2025-08-08T07:10:37.9655188Z Collecting nbsphinx (from -r requirements-dev.txt (line 32))
2025-08-08T07:10:37.9740570Z   Downloading nbsphinx-0.9.7-py3-none-any.whl.metadata (2.3 kB)
2025-08-08T07:10:38.0063244Z Collecting ipywidgets (from -r requirements-dev.txt (line 35))
2025-08-08T07:10:38.0097457Z   Downloading ipywidgets-8.1.7-py3-none-any.whl.metadata (2.4 kB)
2025-08-08T07:10:38.1035257Z Collecting jupyterlab (from -r requirements-dev.txt (line 36))
2025-08-08T07:10:38.1070057Z   Downloading jupyterlab-4.4.5-py3-none-any.whl.metadata (16 kB)
2025-08-08T07:10:38.1290945Z Collecting jupyter-contrib-nbextensions (from -r requirements-dev.txt (line 37))
2025-08-08T07:10:38.1331937Z   Downloading jupyter_contrib_nbextensions-0.7.0.tar.gz (23.5 MB)
2025-08-08T07:10:38.3052599Z      ━━━━━━━━━━━━━━━━━━━━━━━━━━━━━━━━━━━━━━━━ 23.5/23.5 MB 139.5 MB/s  0:00:00
2025-08-08T07:10:38.6739546Z   Installing build dependencies: started
2025-08-08T07:10:39.3478358Z   Installing build dependencies: finished with status 'done'
2025-08-08T07:10:39.3484367Z   Getting requirements to build wheel: started
2025-08-08T07:10:39.8529686Z   Getting requirements to build wheel: finished with status 'done'
2025-08-08T07:10:39.8538848Z   Preparing metadata (pyproject.toml): started
2025-08-08T07:10:40.0642439Z   Preparing metadata (pyproject.toml): finished with status 'done'
2025-08-08T07:10:40.0868242Z Collecting python-dateutil>=2.8.2 (from pandas->-r requirements-dev.txt (line 3))
2025-08-08T07:10:40.0902323Z   Downloading python_dateutil-2.9.0.post0-py2.py3-none-any.whl.metadata (8.4 kB)
2025-08-08T07:10:40.1307937Z Collecting pytz>=2020.1 (from pandas->-r requirements-dev.txt (line 3))
2025-08-08T07:10:40.1349959Z   Downloading pytz-2025.2-py2.py3-none-any.whl.metadata (22 kB)
2025-08-08T07:10:40.1519548Z Collecting tzdata>=2022.7 (from pandas->-r requirements-dev.txt (line 3))
2025-08-08T07:10:40.1551197Z   Downloading tzdata-2025.2-py2.py3-none-any.whl.metadata (1.4 kB)
2025-08-08T07:10:40.1674263Z Collecting et-xmlfile (from openpyxl->-r requirements-dev.txt (line 4))
2025-08-08T07:10:40.1706632Z   Downloading et_xmlfile-2.0.0-py3-none-any.whl.metadata (2.7 kB)
2025-08-08T07:10:40.2174854Z Collecting notebook (from jupyter->-r requirements-dev.txt (line 5))
2025-08-08T07:10:40.2213717Z   Downloading notebook-7.4.5-py3-none-any.whl.metadata (10 kB)
2025-08-08T07:10:40.2486338Z Collecting jupyter-console (from jupyter->-r requirements-dev.txt (line 5))
2025-08-08T07:10:40.2535633Z   Downloading jupyter_console-6.6.3-py3-none-any.whl.metadata (5.8 kB)
2025-08-08T07:10:40.2848559Z Collecting nbconvert (from jupyter->-r requirements-dev.txt (line 5))
2025-08-08T07:10:40.2881310Z   Downloading nbconvert-7.16.6-py3-none-any.whl.metadata (8.5 kB)
2025-08-08T07:10:40.3813108Z Collecting ipykernel (from jupyter->-r requirements-dev.txt (line 5))
2025-08-08T07:10:40.3844549Z   Downloading ipykernel-6.30.1-py3-none-any.whl.metadata (6.2 kB)
2025-08-08T07:10:40.3992660Z Collecting iniconfig>=1 (from pytest->-r requirements-dev.txt (line 6))
2025-08-08T07:10:40.4031042Z   Downloading iniconfig-2.1.0-py3-none-any.whl.metadata (2.7 kB)
2025-08-08T07:10:40.4212654Z Collecting packaging>=20 (from pytest->-r requirements-dev.txt (line 6))
2025-08-08T07:10:40.4250123Z   Downloading packaging-25.0-py3-none-any.whl.metadata (3.3 kB)
2025-08-08T07:10:40.4407390Z Collecting pluggy<2,>=1.5 (from pytest->-r requirements-dev.txt (line 6))
2025-08-08T07:10:40.4439099Z   Downloading pluggy-1.6.0-py3-none-any.whl.metadata (4.8 kB)
2025-08-08T07:10:40.4647160Z Collecting pygments>=2.7.2 (from pytest->-r requirements-dev.txt (line 6))
2025-08-08T07:10:40.4658783Z   Using cached pygments-2.19.2-py3-none-any.whl.metadata (2.5 kB)
2025-08-08T07:10:40.4826694Z Collecting attrs>=22.2.0 (from hypothesis->-r requirements-dev.txt (line 7))
2025-08-08T07:10:40.4868880Z   Downloading attrs-25.3.0-py3-none-any.whl.metadata (10 kB)
2025-08-08T07:10:40.5096011Z Collecting sortedcontainers<3.0.0,>=2.1.0 (from hypothesis->-r requirements-dev.txt (line 7))
2025-08-08T07:10:40.5126131Z   Downloading sortedcontainers-2.4.0-py2.py3-none-any.whl.metadata (10 kB)
2025-08-08T07:10:40.5312660Z Collecting nodeenv>=1.6.0 (from pyright->-r requirements-dev.txt (line 9))
2025-08-08T07:10:40.5346548Z   Downloading nodeenv-1.9.1-py2.py3-none-any.whl.metadata (21 kB)
2025-08-08T07:10:40.5570808Z Collecting typing-extensions>=4.1 (from pyright->-r requirements-dev.txt (line 9))
2025-08-08T07:10:40.5602503Z   Downloading typing_extensions-4.14.1-py3-none-any.whl.metadata (3.0 kB)
2025-08-08T07:10:40.5740375Z Collecting annotated-types>=0.6.0 (from pydantic->-r requirements-dev.txt (line 10))
2025-08-08T07:10:40.5779335Z   Downloading annotated_types-0.7.0-py3-none-any.whl.metadata (15 kB)
2025-08-08T07:10:41.2289558Z Collecting pydantic-core==2.33.2 (from pydantic->-r requirements-dev.txt (line 10))
2025-08-08T07:10:41.2330097Z   Downloading pydantic_core-2.33.2-cp312-cp312-manylinux_2_17_x86_64.manylinux2014_x86_64.whl.metadata (6.8 kB)
2025-08-08T07:10:41.2485224Z Collecting typing-inspection>=0.4.0 (from pydantic->-r requirements-dev.txt (line 10))
2025-08-08T07:10:41.2518310Z   Downloading typing_inspection-0.4.1-py3-none-any.whl.metadata (2.6 kB)
2025-08-08T07:10:41.2738006Z Collecting markdown-it-py>=2.2.0 (from rich->-r requirements-dev.txt (line 11))
2025-08-08T07:10:41.2749120Z   Using cached markdown_it_py-3.0.0-py3-none-any.whl.metadata (6.9 kB)
2025-08-08T07:10:41.3249440Z Collecting narwhals>=1.15.1 (from plotly>=5.19->-r requirements-dev.txt (line 12))
2025-08-08T07:10:41.3285021Z   Downloading narwhals-2.0.1-py3-none-any.whl.metadata (11 kB)
2025-08-08T07:10:41.3488467Z Collecting choreographer>=1.0.5 (from kaleido->-r requirements-dev.txt (line 13))
2025-08-08T07:10:41.3535546Z   Downloading choreographer-1.0.9-py3-none-any.whl.metadata (5.6 kB)
2025-08-08T07:10:41.3715021Z Collecting logistro>=1.0.8 (from kaleido->-r requirements-dev.txt (line 13))
2025-08-08T07:10:41.3755400Z   Downloading logistro-1.1.0-py3-none-any.whl.metadata (2.6 kB)
2025-08-08T07:10:41.6730008Z Collecting orjson>=3.10.15 (from kaleido->-r requirements-dev.txt (line 13))
2025-08-08T07:10:41.6764647Z   Downloading orjson-3.11.1-cp312-cp312-manylinux_2_17_x86_64.manylinux2014_x86_64.whl.metadata (42 kB)
2025-08-08T07:10:41.6988618Z Collecting altair!=5.4.0,!=5.4.1,<6,>=4.0 (from streamlit>=1.35->-r requirements-dev.txt (line 14))
2025-08-08T07:10:41.7021760Z   Downloading altair-5.5.0-py3-none-any.whl.metadata (11 kB)
2025-08-08T07:10:41.7215323Z Collecting blinker<2,>=1.5.0 (from streamlit>=1.35->-r requirements-dev.txt (line 14))
2025-08-08T07:10:41.7247368Z   Downloading blinker-1.9.0-py3-none-any.whl.metadata (1.6 kB)
2025-08-08T07:10:41.7434766Z Collecting cachetools<7,>=4.0 (from streamlit>=1.35->-r requirements-dev.txt (line 14))
2025-08-08T07:10:41.7474448Z   Downloading cachetools-6.1.0-py3-none-any.whl.metadata (5.4 kB)
2025-08-08T07:10:41.7672195Z Collecting click<9,>=7.0 (from streamlit>=1.35->-r requirements-dev.txt (line 14))
2025-08-08T07:10:41.8236783Z   Downloading click-8.2.1-py3-none-any.whl.metadata (2.5 kB)
2025-08-08T07:10:41.9994081Z Collecting pillow<12,>=7.1.0 (from streamlit>=1.35->-r requirements-dev.txt (line 14))
2025-08-08T07:10:42.0032059Z   Downloading pillow-11.3.0-cp312-cp312-manylinux_2_27_x86_64.manylinux_2_28_x86_64.whl.metadata (9.0 kB)
2025-08-08T07:10:42.1654980Z Collecting protobuf<7,>=3.20 (from streamlit>=1.35->-r requirements-dev.txt (line 14))
2025-08-08T07:10:42.1687895Z   Downloading protobuf-6.31.1-cp39-abi3-manylinux2014_x86_64.whl.metadata (593 bytes)
2025-08-08T07:10:42.2464732Z Collecting pyarrow>=7.0 (from streamlit>=1.35->-r requirements-dev.txt (line 14))
2025-08-08T07:10:42.2498372Z   Downloading pyarrow-21.0.0-cp312-cp312-manylinux_2_28_x86_64.whl.metadata (3.3 kB)
2025-08-08T07:10:42.2775887Z Collecting requests<3,>=2.27 (from streamlit>=1.35->-r requirements-dev.txt (line 14))
2025-08-08T07:10:42.2806078Z   Downloading requests-2.32.4-py3-none-any.whl.metadata (4.9 kB)
2025-08-08T07:10:42.3018575Z Collecting tenacity<10,>=8.1.0 (from streamlit>=1.35->-r requirements-dev.txt (line 14))
2025-08-08T07:10:42.3048689Z   Downloading tenacity-9.1.2-py3-none-any.whl.metadata (1.2 kB)
2025-08-08T07:10:42.3171010Z Collecting toml<2,>=0.10.1 (from streamlit>=1.35->-r requirements-dev.txt (line 14))
2025-08-08T07:10:42.3203529Z   Downloading toml-0.10.2-py2.py3-none-any.whl.metadata (7.1 kB)
2025-08-08T07:10:42.3739566Z Collecting watchdog<7,>=2.1.5 (from streamlit>=1.35->-r requirements-dev.txt (line 14))
2025-08-08T07:10:42.3770354Z   Downloading watchdog-6.0.0-py3-none-manylinux2014_x86_64.whl.metadata (44 kB)
2025-08-08T07:10:42.4084191Z Collecting gitpython!=3.1.19,<4,>=3.0.7 (from streamlit>=1.35->-r requirements-dev.txt (line 14))
2025-08-08T07:10:42.4121913Z   Downloading gitpython-3.1.45-py3-none-any.whl.metadata (13 kB)
2025-08-08T07:10:42.4321863Z Collecting pydeck<1,>=0.8.0b4 (from streamlit>=1.35->-r requirements-dev.txt (line 14))
2025-08-08T07:10:42.4366017Z   Downloading pydeck-0.9.1-py2.py3-none-any.whl.metadata (4.1 kB)
2025-08-08T07:10:42.4732095Z Collecting tornado!=6.5.0,<7,>=6.0.3 (from streamlit>=1.35->-r requirements-dev.txt (line 14))
2025-08-08T07:10:42.4767679Z   Downloading tornado-6.5.1-cp39-abi3-manylinux_2_5_x86_64.manylinux1_x86_64.manylinux_2_17_x86_64.manylinux2014_x86_64.whl.metadata (2.8 kB)
2025-08-08T07:10:42.4933602Z Collecting jinja2 (from altair!=5.4.0,!=5.4.1,<6,>=4.0->streamlit>=1.35->-r requirements-dev.txt (line 14))
2025-08-08T07:10:42.4966468Z   Downloading jinja2-3.1.6-py3-none-any.whl.metadata (2.9 kB)
2025-08-08T07:10:42.5242083Z Collecting jsonschema>=3.0 (from altair!=5.4.0,!=5.4.1,<6,>=4.0->streamlit>=1.35->-r requirements-dev.txt (line 14))
2025-08-08T07:10:42.5279987Z   Downloading jsonschema-4.25.0-py3-none-any.whl.metadata (7.7 kB)
2025-08-08T07:10:42.5687154Z Collecting gitdb<5,>=4.0.1 (from gitpython!=3.1.19,<4,>=3.0.7->streamlit>=1.35->-r requirements-dev.txt (line 14))
2025-08-08T07:10:42.5717887Z   Downloading gitdb-4.0.12-py3-none-any.whl.metadata (1.2 kB)
2025-08-08T07:10:42.5852221Z Collecting smmap<6,>=3.0.1 (from gitdb<5,>=4.0.1->gitpython!=3.1.19,<4,>=3.0.7->streamlit>=1.35->-r requirements-dev.txt (line 14))
2025-08-08T07:10:42.5885699Z   Downloading smmap-5.0.2-py3-none-any.whl.metadata (4.3 kB)
2025-08-08T07:10:42.6827832Z Collecting charset_normalizer<4,>=2 (from requests<3,>=2.27->streamlit>=1.35->-r requirements-dev.txt (line 14))
2025-08-08T07:10:42.6863007Z   Downloading charset_normalizer-3.4.2-cp312-cp312-manylinux_2_17_x86_64.manylinux2014_x86_64.whl.metadata (35 kB)
2025-08-08T07:10:42.7761268Z Collecting idna<4,>=2.5 (from requests<3,>=2.27->streamlit>=1.35->-r requirements-dev.txt (line 14))
2025-08-08T07:10:42.7814436Z   Downloading idna-3.10-py3-none-any.whl.metadata (10 kB)
2025-08-08T07:10:42.8126566Z Collecting urllib3<3,>=1.21.1 (from requests<3,>=2.27->streamlit>=1.35->-r requirements-dev.txt (line 14))
2025-08-08T07:10:42.8159659Z   Downloading urllib3-2.5.0-py3-none-any.whl.metadata (6.5 kB)
2025-08-08T07:10:42.8410534Z Collecting certifi>=2017.4.17 (from requests<3,>=2.27->streamlit>=1.35->-r requirements-dev.txt (line 14))
2025-08-08T07:10:42.8469030Z   Downloading certifi-2025.8.3-py3-none-any.whl.metadata (2.4 kB)
2025-08-08T07:10:43.0668913Z Collecting lxml>=3.1.0 (from python-pptx->-r requirements-dev.txt (line 15))
2025-08-08T07:10:43.0705898Z   Downloading lxml-6.0.0-cp312-cp312-manylinux_2_27_x86_64.manylinux_2_28_x86_64.whl.metadata (6.6 kB)
2025-08-08T07:10:43.0981977Z Collecting mypy-extensions>=0.4.3 (from black->-r requirements-dev.txt (line 19))
2025-08-08T07:10:43.1062020Z   Downloading mypy_extensions-1.1.0-py3-none-any.whl.metadata (1.1 kB)
2025-08-08T07:10:43.1309177Z Collecting pathspec>=0.9.0 (from black->-r requirements-dev.txt (line 19))
2025-08-08T07:10:43.1344895Z   Downloading pathspec-0.12.1-py3-none-any.whl.metadata (21 kB)
2025-08-08T07:10:43.1573452Z Collecting platformdirs>=2 (from black->-r requirements-dev.txt (line 19))
2025-08-08T07:10:43.1608961Z   Downloading platformdirs-4.3.8-py3-none-any.whl.metadata (12 kB)
2025-08-08T07:10:43.1801647Z Collecting cfgv>=2.0.0 (from pre-commit->-r requirements-dev.txt (line 20))
2025-08-08T07:10:43.1836306Z   Downloading cfgv-3.4.0-py2.py3-none-any.whl.metadata (8.5 kB)
2025-08-08T07:10:43.2314228Z Collecting identify>=1.0.0 (from pre-commit->-r requirements-dev.txt (line 20))
2025-08-08T07:10:43.2348489Z   Downloading identify-2.6.12-py2.py3-none-any.whl.metadata (4.4 kB)
2025-08-08T07:10:43.2744475Z Collecting pyyaml>=5.1 (from pre-commit->-r requirements-dev.txt (line 20))
2025-08-08T07:10:43.2759159Z   Using cached PyYAML-6.0.2-cp312-cp312-manylinux_2_17_x86_64.manylinux2014_x86_64.whl.metadata (2.1 kB)
2025-08-08T07:10:43.3189678Z Collecting virtualenv>=20.10.0 (from pre-commit->-r requirements-dev.txt (line 20))
2025-08-08T07:10:43.3226077Z   Downloading virtualenv-20.33.1-py3-none-any.whl.metadata (4.5 kB)
2025-08-08T07:10:43.6401701Z Collecting coverage>=7.5 (from coverage[toml]>=7.5->pytest-cov->-r requirements-dev.txt (line 21))
2025-08-08T07:10:43.6442313Z   Downloading coverage-7.10.2-cp312-cp312-manylinux1_x86_64.manylinux_2_28_x86_64.manylinux_2_5_x86_64.whl.metadata (8.9 kB)
2025-08-08T07:10:43.6639143Z Collecting execnet>=2.1 (from pytest-xdist->-r requirements-dev.txt (line 22))
2025-08-08T07:10:43.6677791Z   Downloading execnet-2.1.1-py3-none-any.whl.metadata (2.9 kB)
2025-08-08T07:10:43.7053328Z Collecting stevedore>=1.20.0 (from bandit->-r requirements-dev.txt (line 23))
2025-08-08T07:10:43.7066442Z   Using cached stevedore-5.4.1-py3-none-any.whl.metadata (2.3 kB)
2025-08-08T07:10:43.7909338Z Collecting mccabe<0.8.0,>=0.7.0 (from flake8->-r requirements-dev.txt (line 26))
2025-08-08T07:10:43.7947232Z   Downloading mccabe-0.7.0-py2.py3-none-any.whl.metadata (5.0 kB)
2025-08-08T07:10:43.8096982Z Collecting pycodestyle<2.15.0,>=2.14.0 (from flake8->-r requirements-dev.txt (line 26))
2025-08-08T07:10:43.8128569Z   Downloading pycodestyle-2.14.0-py2.py3-none-any.whl.metadata (4.5 kB)
2025-08-08T07:10:43.8301544Z Collecting pyflakes<3.5.0,>=3.4.0 (from flake8->-r requirements-dev.txt (line 26))
2025-08-08T07:10:43.8335420Z   Downloading pyflakes-3.4.0-py2.py3-none-any.whl.metadata (3.5 kB)
2025-08-08T07:10:43.8543337Z Collecting sphinxcontrib-applehelp>=1.0.7 (from sphinx->-r requirements-dev.txt (line 30))
2025-08-08T07:10:43.8579116Z   Downloading sphinxcontrib_applehelp-2.0.0-py3-none-any.whl.metadata (2.3 kB)
2025-08-08T07:10:43.8706502Z Collecting sphinxcontrib-devhelp>=1.0.6 (from sphinx->-r requirements-dev.txt (line 30))
2025-08-08T07:10:43.8738422Z   Downloading sphinxcontrib_devhelp-2.0.0-py3-none-any.whl.metadata (2.3 kB)
2025-08-08T07:10:43.8863104Z Collecting sphinxcontrib-htmlhelp>=2.0.6 (from sphinx->-r requirements-dev.txt (line 30))
2025-08-08T07:10:43.8897160Z   Downloading sphinxcontrib_htmlhelp-2.1.0-py3-none-any.whl.metadata (2.3 kB)
2025-08-08T07:10:43.8999220Z Collecting sphinxcontrib-jsmath>=1.0.1 (from sphinx->-r requirements-dev.txt (line 30))
2025-08-08T07:10:43.9035713Z   Downloading sphinxcontrib_jsmath-1.0.1-py2.py3-none-any.whl.metadata (1.4 kB)
2025-08-08T07:10:43.9155535Z Collecting sphinxcontrib-qthelp>=1.0.6 (from sphinx->-r requirements-dev.txt (line 30))
2025-08-08T07:10:43.9189736Z   Downloading sphinxcontrib_qthelp-2.0.0-py3-none-any.whl.metadata (2.3 kB)
2025-08-08T07:10:43.9314432Z Collecting sphinxcontrib-serializinghtml>=1.1.9 (from sphinx->-r requirements-dev.txt (line 30))
2025-08-08T07:10:43.9347953Z   Downloading sphinxcontrib_serializinghtml-2.0.0-py3-none-any.whl.metadata (2.4 kB)
2025-08-08T07:10:43.9603128Z Collecting docutils<0.22,>=0.20 (from sphinx->-r requirements-dev.txt (line 30))
2025-08-08T07:10:43.9636916Z   Downloading docutils-0.21.2-py3-none-any.whl.metadata (2.8 kB)
2025-08-08T07:10:43.9756299Z Collecting snowballstemmer>=2.2 (from sphinx->-r requirements-dev.txt (line 30))
2025-08-08T07:10:43.9789523Z   Downloading snowballstemmer-3.0.1-py3-none-any.whl.metadata (7.9 kB)
2025-08-08T07:10:43.9952159Z Collecting babel>=2.13 (from sphinx->-r requirements-dev.txt (line 30))
2025-08-08T07:10:43.9990407Z   Downloading babel-2.17.0-py3-none-any.whl.metadata (2.0 kB)
2025-08-08T07:10:44.0145440Z Collecting alabaster>=0.7.14 (from sphinx->-r requirements-dev.txt (line 30))
2025-08-08T07:10:44.0178551Z   Downloading alabaster-1.0.0-py3-none-any.whl.metadata (2.8 kB)
2025-08-08T07:10:44.0301737Z Collecting imagesize>=1.3 (from sphinx->-r requirements-dev.txt (line 30))
2025-08-08T07:10:44.0335404Z   Downloading imagesize-1.4.1-py2.py3-none-any.whl.metadata (1.5 kB)
2025-08-08T07:10:44.0519253Z Collecting roman-numerals-py>=1.0.0 (from sphinx->-r requirements-dev.txt (line 30))
2025-08-08T07:10:44.0560483Z   Downloading roman_numerals_py-3.1.0-py3-none-any.whl.metadata (3.6 kB)
2025-08-08T07:10:44.1367251Z Collecting sphinxcontrib-jquery<5,>=4 (from sphinx-rtd-theme->-r requirements-dev.txt (line 31))
2025-08-08T07:10:44.1412089Z   Downloading sphinxcontrib_jquery-4.1-py2.py3-none-any.whl.metadata (2.6 kB)
2025-08-08T07:10:44.1960171Z Collecting traitlets>=5 (from nbsphinx->-r requirements-dev.txt (line 32))
2025-08-08T07:10:44.1993454Z   Downloading traitlets-5.14.3-py3-none-any.whl.metadata (10 kB)
2025-08-08T07:10:44.2181103Z Collecting nbformat (from nbsphinx->-r requirements-dev.txt (line 32))
2025-08-08T07:10:44.2229557Z   Downloading nbformat-5.10.4-py3-none-any.whl.metadata (3.6 kB)
2025-08-08T07:10:44.2444114Z Collecting sphinx (from -r requirements-dev.txt (line 30))
2025-08-08T07:10:44.2490141Z   Downloading sphinx-8.1.3-py3-none-any.whl.metadata (6.4 kB)
2025-08-08T07:10:44.2693466Z Collecting comm>=0.1.3 (from ipywidgets->-r requirements-dev.txt (line 35))
2025-08-08T07:10:44.2729240Z   Downloading comm-0.2.3-py3-none-any.whl.metadata (3.7 kB)
2025-08-08T07:10:44.3170123Z Collecting ipython>=6.1.0 (from ipywidgets->-r requirements-dev.txt (line 35))
2025-08-08T07:10:44.3213675Z   Downloading ipython-9.4.0-py3-none-any.whl.metadata (4.4 kB)
2025-08-08T07:10:44.3633466Z Collecting widgetsnbextension~=4.0.14 (from ipywidgets->-r requirements-dev.txt (line 35))
2025-08-08T07:10:44.3673477Z   Downloading widgetsnbextension-4.0.14-py3-none-any.whl.metadata (1.6 kB)
2025-08-08T07:10:44.3916384Z Collecting jupyterlab_widgets~=3.0.15 (from ipywidgets->-r requirements-dev.txt (line 35))
2025-08-08T07:10:44.3953573Z   Downloading jupyterlab_widgets-3.0.15-py3-none-any.whl.metadata (20 kB)
2025-08-08T07:10:44.4220856Z Collecting async-lru>=1.0.0 (from jupyterlab->-r requirements-dev.txt (line 36))
2025-08-08T07:10:44.4255853Z   Downloading async_lru-2.0.5-py3-none-any.whl.metadata (4.5 kB)
2025-08-08T07:10:44.4470747Z Collecting httpx>=0.25.0 (from jupyterlab->-r requirements-dev.txt (line 36))
2025-08-08T07:10:44.4507053Z   Downloading httpx-0.28.1-py3-none-any.whl.metadata (7.1 kB)
2025-08-08T07:10:44.4875201Z Collecting jupyter-core (from jupyterlab->-r requirements-dev.txt (line 36))
2025-08-08T07:10:44.4909114Z   Downloading jupyter_core-5.8.1-py3-none-any.whl.metadata (1.6 kB)
2025-08-08T07:10:44.5067268Z Collecting jupyter-lsp>=2.0.0 (from jupyterlab->-r requirements-dev.txt (line 36))
2025-08-08T07:10:44.5102022Z   Downloading jupyter_lsp-2.2.6-py3-none-any.whl.metadata (1.8 kB)
2025-08-08T07:10:44.6541733Z Collecting jupyter-server<3,>=2.4.0 (from jupyterlab->-r requirements-dev.txt (line 36))
2025-08-08T07:10:44.6581012Z   Downloading jupyter_server-2.16.0-py3-none-any.whl.metadata (8.5 kB)
2025-08-08T07:10:44.6892719Z Collecting jupyterlab-server<3,>=2.27.1 (from jupyterlab->-r requirements-dev.txt (line 36))
2025-08-08T07:10:44.6929514Z   Downloading jupyterlab_server-2.27.3-py3-none-any.whl.metadata (5.9 kB)
2025-08-08T07:10:44.7085385Z Collecting notebook-shim>=0.2 (from jupyterlab->-r requirements-dev.txt (line 36))
2025-08-08T07:10:44.7118104Z   Downloading notebook_shim-0.2.4-py3-none-any.whl.metadata (4.0 kB)
2025-08-08T07:10:44.8349857Z Collecting setuptools>=41.1.0 (from jupyterlab->-r requirements-dev.txt (line 36))
2025-08-08T07:10:44.8364289Z   Using cached setuptools-80.9.0-py3-none-any.whl.metadata (6.6 kB)
2025-08-08T07:10:44.8705027Z Collecting anyio>=3.1.0 (from jupyter-server<3,>=2.4.0->jupyterlab->-r requirements-dev.txt (line 36))
2025-08-08T07:10:44.8739268Z   Downloading anyio-4.10.0-py3-none-any.whl.metadata (4.0 kB)
2025-08-08T07:10:44.8975170Z Collecting argon2-cffi>=21.1 (from jupyter-server<3,>=2.4.0->jupyterlab->-r requirements-dev.txt (line 36))
2025-08-08T07:10:44.9012379Z   Downloading argon2_cffi-25.1.0-py3-none-any.whl.metadata (4.1 kB)
2025-08-08T07:10:44.9263605Z Collecting jupyter-client>=7.4.4 (from jupyter-server<3,>=2.4.0->jupyterlab->-r requirements-dev.txt (line 36))
2025-08-08T07:10:44.9298119Z   Downloading jupyter_client-8.6.3-py3-none-any.whl.metadata (8.3 kB)
2025-08-08T07:10:44.9510025Z Collecting jupyter-events>=0.11.0 (from jupyter-server<3,>=2.4.0->jupyterlab->-r requirements-dev.txt (line 36))
2025-08-08T07:10:44.9541518Z   Downloading jupyter_events-0.12.0-py3-none-any.whl.metadata (5.8 kB)
2025-08-08T07:10:44.9686653Z Collecting jupyter-server-terminals>=0.4.4 (from jupyter-server<3,>=2.4.0->jupyterlab->-r requirements-dev.txt (line 36))
2025-08-08T07:10:44.9724436Z   Downloading jupyter_server_terminals-0.5.3-py3-none-any.whl.metadata (5.6 kB)
2025-08-08T07:10:45.0051296Z Collecting overrides>=5.0 (from jupyter-server<3,>=2.4.0->jupyterlab->-r requirements-dev.txt (line 36))
2025-08-08T07:10:45.0096520Z   Downloading overrides-7.7.0-py3-none-any.whl.metadata (5.8 kB)
2025-08-08T07:10:45.0260225Z Collecting prometheus-client>=0.9 (from jupyter-server<3,>=2.4.0->jupyterlab->-r requirements-dev.txt (line 36))
2025-08-08T07:10:45.0292179Z   Downloading prometheus_client-0.22.1-py3-none-any.whl.metadata (1.9 kB)
2025-08-08T07:10:45.2495023Z Collecting pyzmq>=24 (from jupyter-server<3,>=2.4.0->jupyterlab->-r requirements-dev.txt (line 36))
2025-08-08T07:10:45.2555337Z   Downloading pyzmq-27.0.1-cp312-abi3-manylinux_2_26_x86_64.manylinux_2_28_x86_64.whl.metadata (6.0 kB)
2025-08-08T07:10:45.2703405Z Collecting send2trash>=1.8.2 (from jupyter-server<3,>=2.4.0->jupyterlab->-r requirements-dev.txt (line 36))
2025-08-08T07:10:45.2736662Z   Downloading Send2Trash-1.8.3-py3-none-any.whl.metadata (4.0 kB)
2025-08-08T07:10:45.2922058Z Collecting terminado>=0.8.3 (from jupyter-server<3,>=2.4.0->jupyterlab->-r requirements-dev.txt (line 36))
2025-08-08T07:10:45.2957977Z   Downloading terminado-0.18.1-py3-none-any.whl.metadata (5.8 kB)
2025-08-08T07:10:45.3291215Z Collecting websocket-client>=1.7 (from jupyter-server<3,>=2.4.0->jupyterlab->-r requirements-dev.txt (line 36))
2025-08-08T07:10:45.3332753Z   Downloading websocket_client-1.8.0-py3-none-any.whl.metadata (8.0 kB)
2025-08-08T07:10:45.4028663Z Collecting json5>=0.9.0 (from jupyterlab-server<3,>=2.27.1->jupyterlab->-r requirements-dev.txt (line 36))
2025-08-08T07:10:45.4066589Z   Downloading json5-0.12.0-py3-none-any.whl.metadata (36 kB)
2025-08-08T07:10:45.4595110Z Collecting ipython_genutils (from jupyter-contrib-nbextensions->-r requirements-dev.txt (line 37))
2025-08-08T07:10:45.4630640Z   Downloading ipython_genutils-0.2.0-py2.py3-none-any.whl.metadata (755 bytes)
2025-08-08T07:10:45.4749520Z Collecting jupyter_contrib_core>=0.3.3 (from jupyter-contrib-nbextensions->-r requirements-dev.txt (line 37))
2025-08-08T07:10:45.4792062Z   Downloading jupyter_contrib_core-0.4.2.tar.gz (17 kB)
2025-08-08T07:10:45.4922484Z   Installing build dependencies: started
2025-08-08T07:10:46.2000239Z   Installing build dependencies: finished with status 'done'
2025-08-08T07:10:46.2005921Z   Getting requirements to build wheel: started
2025-08-08T07:10:46.5427215Z   Getting requirements to build wheel: finished with status 'done'
2025-08-08T07:10:46.5436300Z   Preparing metadata (pyproject.toml): started
2025-08-08T07:10:46.7373475Z   Preparing metadata (pyproject.toml): finished with status 'done'
2025-08-08T07:10:46.7511504Z Collecting jupyter_highlight_selected_word>=0.1.1 (from jupyter-contrib-nbextensions->-r requirements-dev.txt (line 37))
2025-08-08T07:10:46.7560640Z   Downloading jupyter_highlight_selected_word-0.2.0-py2.py3-none-any.whl.metadata (730 bytes)
2025-08-08T07:10:46.7711294Z Collecting jupyter_nbextensions_configurator>=0.4.0 (from jupyter-contrib-nbextensions->-r requirements-dev.txt (line 37))
2025-08-08T07:10:46.7751171Z   Downloading jupyter_nbextensions_configurator-0.6.4-py2.py3-none-any.whl.metadata (1.8 kB)
2025-08-08T07:10:46.8313366Z Collecting sniffio>=1.1 (from anyio>=3.1.0->jupyter-server<3,>=2.4.0->jupyterlab->-r requirements-dev.txt (line 36))
2025-08-08T07:10:46.8355684Z   Downloading sniffio-1.3.1-py3-none-any.whl.metadata (3.9 kB)
2025-08-08T07:10:46.8574458Z Collecting argon2-cffi-bindings (from argon2-cffi>=21.1->jupyter-server<3,>=2.4.0->jupyterlab->-r requirements-dev.txt (line 36))
2025-08-08T07:10:46.8617233Z   Downloading argon2_cffi_bindings-25.1.0-cp39-abi3-manylinux_2_26_x86_64.manylinux_2_28_x86_64.whl.metadata (7.4 kB)
2025-08-08T07:10:46.9539958Z Collecting simplejson>=3.19.3 (from choreographer>=1.0.5->kaleido->-r requirements-dev.txt (line 13))
2025-08-08T07:10:46.9593409Z   Downloading simplejson-3.20.1-cp312-cp312-manylinux_2_5_x86_64.manylinux1_x86_64.manylinux_2_17_x86_64.manylinux2014_x86_64.whl.metadata (3.2 kB)
2025-08-08T07:10:46.9997331Z Collecting httpcore==1.* (from httpx>=0.25.0->jupyterlab->-r requirements-dev.txt (line 36))
2025-08-08T07:10:47.0034514Z   Downloading httpcore-1.0.9-py3-none-any.whl.metadata (21 kB)
2025-08-08T07:10:47.0205908Z Collecting h11>=0.16 (from httpcore==1.*->httpx>=0.25.0->jupyterlab->-r requirements-dev.txt (line 36))
2025-08-08T07:10:47.0238622Z   Downloading h11-0.16.0-py3-none-any.whl.metadata (8.3 kB)
2025-08-08T07:10:47.1385022Z Collecting debugpy>=1.6.5 (from ipykernel->jupyter->-r requirements-dev.txt (line 5))
2025-08-08T07:10:47.1432396Z   Downloading debugpy-1.8.16-cp312-cp312-manylinux_2_5_x86_64.manylinux1_x86_64.manylinux_2_17_x86_64.manylinux2014_x86_64.whl.metadata (1.3 kB)
2025-08-08T07:10:47.1815906Z Collecting matplotlib-inline>=0.1 (from ipykernel->jupyter->-r requirements-dev.txt (line 5))
2025-08-08T07:10:47.1849346Z   Downloading matplotlib_inline-0.1.7-py3-none-any.whl.metadata (3.9 kB)
2025-08-08T07:10:47.2046356Z Collecting nest-asyncio>=1.4 (from ipykernel->jupyter->-r requirements-dev.txt (line 5))
2025-08-08T07:10:47.2084023Z   Downloading nest_asyncio-1.6.0-py3-none-any.whl.metadata (2.8 kB)
2025-08-08T07:10:47.2770570Z Collecting psutil>=5.7 (from ipykernel->jupyter->-r requirements-dev.txt (line 5))
2025-08-08T07:10:47.2811105Z   Downloading psutil-7.0.0-cp36-abi3-manylinux_2_12_x86_64.manylinux2010_x86_64.manylinux_2_17_x86_64.manylinux2014_x86_64.whl.metadata (22 kB)
2025-08-08T07:10:47.3251901Z Collecting decorator (from ipython>=6.1.0->ipywidgets->-r requirements-dev.txt (line 35))
2025-08-08T07:10:47.3285824Z   Downloading decorator-5.2.1-py3-none-any.whl.metadata (3.9 kB)
2025-08-08T07:10:47.3418789Z Collecting ipython-pygments-lexers (from ipython>=6.1.0->ipywidgets->-r requirements-dev.txt (line 35))
2025-08-08T07:10:47.3462096Z   Downloading ipython_pygments_lexers-1.1.1-py3-none-any.whl.metadata (1.1 kB)
2025-08-08T07:10:47.3630064Z Collecting jedi>=0.16 (from ipython>=6.1.0->ipywidgets->-r requirements-dev.txt (line 35))
2025-08-08T07:10:47.3668382Z   Downloading jedi-0.19.2-py2.py3-none-any.whl.metadata (22 kB)
2025-08-08T07:10:47.3887648Z Collecting pexpect>4.3 (from ipython>=6.1.0->ipywidgets->-r requirements-dev.txt (line 35))
2025-08-08T07:10:47.3922907Z   Downloading pexpect-4.9.0-py2.py3-none-any.whl.metadata (2.5 kB)
2025-08-08T07:10:47.4287437Z Collecting prompt_toolkit<3.1.0,>=3.0.41 (from ipython>=6.1.0->ipywidgets->-r requirements-dev.txt (line 35))
2025-08-08T07:10:47.4329840Z   Downloading prompt_toolkit-3.0.51-py3-none-any.whl.metadata (6.4 kB)
2025-08-08T07:10:47.4540952Z Collecting stack_data (from ipython>=6.1.0->ipywidgets->-r requirements-dev.txt (line 35))
2025-08-08T07:10:47.4578315Z   Downloading stack_data-0.6.3-py3-none-any.whl.metadata (18 kB)
2025-08-08T07:10:47.4893118Z Collecting wcwidth (from prompt_toolkit<3.1.0,>=3.0.41->ipython>=6.1.0->ipywidgets->-r requirements-dev.txt (line 35))
2025-08-08T07:10:47.4928071Z   Downloading wcwidth-0.2.13-py2.py3-none-any.whl.metadata (14 kB)
2025-08-08T07:10:47.5115395Z Collecting parso<0.9.0,>=0.8.4 (from jedi>=0.16->ipython>=6.1.0->ipywidgets->-r requirements-dev.txt (line 35))
2025-08-08T07:10:47.5148830Z   Downloading parso-0.8.4-py2.py3-none-any.whl.metadata (7.7 kB)
2025-08-08T07:10:47.5778906Z Collecting MarkupSafe>=2.0 (from jinja2->altair!=5.4.0,!=5.4.1,<6,>=4.0->streamlit>=1.35->-r requirements-dev.txt (line 14))
2025-08-08T07:10:47.5831398Z   Downloading MarkupSafe-3.0.2-cp312-cp312-manylinux_2_17_x86_64.manylinux2014_x86_64.whl.metadata (4.0 kB)
2025-08-08T07:10:47.6103105Z Collecting jsonschema-specifications>=2023.03.6 (from jsonschema>=3.0->altair!=5.4.0,!=5.4.1,<6,>=4.0->streamlit>=1.35->-r requirements-dev.txt (line 14))
2025-08-08T07:10:47.6139950Z   Downloading jsonschema_specifications-2025.4.1-py3-none-any.whl.metadata (2.9 kB)
2025-08-08T07:10:47.6426912Z Collecting referencing>=0.28.4 (from jsonschema>=3.0->altair!=5.4.0,!=5.4.1,<6,>=4.0->streamlit>=1.35->-r requirements-dev.txt (line 14))
2025-08-08T07:10:47.6462724Z   Downloading referencing-0.36.2-py3-none-any.whl.metadata (2.8 kB)
2025-08-08T07:10:48.0461888Z Collecting rpds-py>=0.7.1 (from jsonschema>=3.0->altair!=5.4.0,!=5.4.1,<6,>=4.0->streamlit>=1.35->-r requirements-dev.txt (line 14))
2025-08-08T07:10:48.0498156Z   Downloading rpds_py-0.27.0-cp312-cp312-manylinux_2_17_x86_64.manylinux2014_x86_64.whl.metadata (4.2 kB)
2025-08-08T07:10:48.1298970Z Collecting python-json-logger>=2.0.4 (from jupyter-events>=0.11.0->jupyter-server<3,>=2.4.0->jupyterlab->-r requirements-dev.txt (line 36))
2025-08-08T07:10:48.1334769Z   Downloading python_json_logger-3.3.0-py3-none-any.whl.metadata (4.0 kB)
2025-08-08T07:10:48.1507269Z Collecting rfc3339-validator (from jupyter-events>=0.11.0->jupyter-server<3,>=2.4.0->jupyterlab->-r requirements-dev.txt (line 36))
2025-08-08T07:10:48.1543015Z   Downloading rfc3339_validator-0.1.4-py2.py3-none-any.whl.metadata (1.5 kB)
2025-08-08T07:10:48.1655168Z Collecting rfc3986-validator>=0.1.1 (from jupyter-events>=0.11.0->jupyter-server<3,>=2.4.0->jupyterlab->-r requirements-dev.txt (line 36))
2025-08-08T07:10:48.1688680Z   Downloading rfc3986_validator-0.1.1-py2.py3-none-any.whl.metadata (1.7 kB)
2025-08-08T07:10:48.1853985Z Collecting fqdn (from jsonschema[format-nongpl]>=4.18.0->jupyter-events>=0.11.0->jupyter-server<3,>=2.4.0->jupyterlab->-r requirements-dev.txt (line 36))
2025-08-08T07:10:48.1885882Z   Downloading fqdn-1.5.1-py3-none-any.whl.metadata (1.4 kB)
2025-08-08T07:10:48.1993104Z Collecting isoduration (from jsonschema[format-nongpl]>=4.18.0->jupyter-events>=0.11.0->jupyter-server<3,>=2.4.0->jupyterlab->-r requirements-dev.txt (line 36))
2025-08-08T07:10:48.2030053Z   Downloading isoduration-20.11.0-py3-none-any.whl.metadata (5.7 kB)
2025-08-08T07:10:48.2200222Z Collecting jsonpointer>1.13 (from jsonschema[format-nongpl]>=4.18.0->jupyter-events>=0.11.0->jupyter-server<3,>=2.4.0->jupyterlab->-r requirements-dev.txt (line 36))
2025-08-08T07:10:48.2238653Z   Downloading jsonpointer-3.0.0-py2.py3-none-any.whl.metadata (2.3 kB)
2025-08-08T07:10:48.2373523Z Collecting rfc3987-syntax>=1.1.0 (from jsonschema[format-nongpl]>=4.18.0->jupyter-events>=0.11.0->jupyter-server<3,>=2.4.0->jupyterlab->-r requirements-dev.txt (line 36))
2025-08-08T07:10:48.2411627Z   Downloading rfc3987_syntax-1.1.0-py3-none-any.whl.metadata (7.7 kB)
2025-08-08T07:10:48.2570791Z Collecting uri-template (from jsonschema[format-nongpl]>=4.18.0->jupyter-events>=0.11.0->jupyter-server<3,>=2.4.0->jupyterlab->-r requirements-dev.txt (line 36))
2025-08-08T07:10:48.2623130Z   Downloading uri_template-1.3.0-py3-none-any.whl.metadata (8.8 kB)
2025-08-08T07:10:48.2772076Z Collecting webcolors>=24.6.0 (from jsonschema[format-nongpl]>=4.18.0->jupyter-events>=0.11.0->jupyter-server<3,>=2.4.0->jupyterlab->-r requirements-dev.txt (line 36))
2025-08-08T07:10:48.2806807Z   Downloading webcolors-24.11.1-py3-none-any.whl.metadata (2.2 kB)
2025-08-08T07:10:48.3328866Z Collecting mdurl~=0.1 (from markdown-it-py>=2.2.0->rich->-r requirements-dev.txt (line 11))
2025-08-08T07:10:48.3341966Z   Using cached mdurl-0.1.2-py3-none-any.whl.metadata (1.6 kB)
2025-08-08T07:10:48.3705981Z Collecting beautifulsoup4 (from nbconvert->jupyter->-r requirements-dev.txt (line 5))
2025-08-08T07:10:48.3746106Z   Downloading beautifulsoup4-4.13.4-py3-none-any.whl.metadata (3.8 kB)
2025-08-08T07:10:48.3979270Z Collecting bleach!=5.0.0 (from bleach[css]!=5.0.0->nbconvert->jupyter->-r requirements-dev.txt (line 5))
2025-08-08T07:10:48.4020704Z   Downloading bleach-6.2.0-py3-none-any.whl.metadata (30 kB)
2025-08-08T07:10:48.4194109Z Collecting defusedxml (from nbconvert->jupyter->-r requirements-dev.txt (line 5))
2025-08-08T07:10:48.4229505Z   Downloading defusedxml-0.7.1-py2.py3-none-any.whl.metadata (32 kB)
2025-08-08T07:10:48.4494970Z Collecting jupyterlab-pygments (from nbconvert->jupyter->-r requirements-dev.txt (line 5))
2025-08-08T07:10:48.4529268Z   Downloading jupyterlab_pygments-0.3.0-py3-none-any.whl.metadata (4.4 kB)
2025-08-08T07:10:48.4764856Z Collecting mistune<4,>=2.0.3 (from nbconvert->jupyter->-r requirements-dev.txt (line 5))
2025-08-08T07:10:48.4801842Z   Downloading mistune-3.1.3-py3-none-any.whl.metadata (1.8 kB)
2025-08-08T07:10:48.5017416Z Collecting nbclient>=0.5.0 (from nbconvert->jupyter->-r requirements-dev.txt (line 5))
2025-08-08T07:10:48.5054488Z   Downloading nbclient-0.10.2-py3-none-any.whl.metadata (8.3 kB)
2025-08-08T07:10:48.5265291Z Collecting pandocfilters>=1.4.1 (from nbconvert->jupyter->-r requirements-dev.txt (line 5))
2025-08-08T07:10:48.5304147Z   Downloading pandocfilters-1.5.1-py2.py3-none-any.whl.metadata (9.0 kB)
2025-08-08T07:10:48.5644418Z Collecting webencodings (from bleach!=5.0.0->bleach[css]!=5.0.0->nbconvert->jupyter->-r requirements-dev.txt (line 5))
2025-08-08T07:10:48.5678850Z   Downloading webencodings-0.5.1-py2.py3-none-any.whl.metadata (2.1 kB)
2025-08-08T07:10:48.5829708Z Collecting tinycss2<1.5,>=1.1.0 (from bleach[css]!=5.0.0->nbconvert->jupyter->-r requirements-dev.txt (line 5))
2025-08-08T07:10:48.5861578Z   Downloading tinycss2-1.4.0-py3-none-any.whl.metadata (3.0 kB)
2025-08-08T07:10:48.6277390Z Collecting fastjsonschema>=2.15 (from nbformat->nbsphinx->-r requirements-dev.txt (line 32))
2025-08-08T07:10:48.6310929Z   Downloading fastjsonschema-2.21.1-py3-none-any.whl.metadata (2.2 kB)
2025-08-08T07:10:48.7158374Z Collecting ptyprocess>=0.5 (from pexpect>4.3->ipython>=6.1.0->ipywidgets->-r requirements-dev.txt (line 35))
2025-08-08T07:10:48.7191137Z   Downloading ptyprocess-0.7.0-py2.py3-none-any.whl.metadata (1.3 kB)
2025-08-08T07:10:48.7579325Z Collecting six>=1.5 (from python-dateutil>=2.8.2->pandas->-r requirements-dev.txt (line 3))
2025-08-08T07:10:48.7612322Z   Downloading six-1.17.0-py2.py3-none-any.whl.metadata (1.7 kB)
2025-08-08T07:10:48.8131905Z Collecting lark>=1.2.2 (from rfc3987-syntax>=1.1.0->jsonschema[format-nongpl]>=4.18.0->jupyter-events>=0.11.0->jupyter-server<3,>=2.4.0->jupyterlab->-r requirements-dev.txt (line 36))
2025-08-08T07:10:48.8165035Z   Downloading lark-1.2.2-py3-none-any.whl.metadata (1.8 kB)
2025-08-08T07:10:48.9158529Z Collecting pbr>=2.0.0 (from stevedore>=1.20.0->bandit->-r requirements-dev.txt (line 23))
2025-08-08T07:10:48.9170921Z   Using cached pbr-6.1.1-py2.py3-none-any.whl.metadata (3.4 kB)
2025-08-08T07:10:48.9696772Z Collecting distlib<1,>=0.3.7 (from virtualenv>=20.10.0->pre-commit->-r requirements-dev.txt (line 20))
2025-08-08T07:10:48.9729705Z   Downloading distlib-0.4.0-py2.py3-none-any.whl.metadata (5.2 kB)
2025-08-08T07:10:48.9954446Z Collecting filelock<4,>=3.12.2 (from virtualenv>=20.10.0->pre-commit->-r requirements-dev.txt (line 20))
2025-08-08T07:10:49.0020047Z   Downloading filelock-3.18.0-py3-none-any.whl.metadata (2.9 kB)
2025-08-08T07:10:49.1350048Z Collecting cffi>=1.0.1 (from argon2-cffi-bindings->argon2-cffi>=21.1->jupyter-server<3,>=2.4.0->jupyterlab->-r requirements-dev.txt (line 36))
2025-08-08T07:10:49.1401873Z   Downloading cffi-1.17.1-cp312-cp312-manylinux_2_17_x86_64.manylinux2014_x86_64.whl.metadata (1.5 kB)
2025-08-08T07:10:49.1588280Z Collecting pycparser (from cffi>=1.0.1->argon2-cffi-bindings->argon2-cffi>=21.1->jupyter-server<3,>=2.4.0->jupyterlab->-r requirements-dev.txt (line 36))
2025-08-08T07:10:49.1623591Z   Downloading pycparser-2.22-py3-none-any.whl.metadata (943 bytes)
2025-08-08T07:10:49.1888137Z Collecting soupsieve>1.2 (from beautifulsoup4->nbconvert->jupyter->-r requirements-dev.txt (line 5))
2025-08-08T07:10:49.1923239Z   Downloading soupsieve-2.7-py3-none-any.whl.metadata (4.6 kB)
2025-08-08T07:10:49.2645858Z Collecting arrow>=0.15.0 (from isoduration->jsonschema[format-nongpl]>=4.18.0->jupyter-events>=0.11.0->jupyter-server<3,>=2.4.0->jupyterlab->-r requirements-dev.txt (line 36))
2025-08-08T07:10:49.2683410Z   Downloading arrow-1.3.0-py3-none-any.whl.metadata (7.5 kB)
2025-08-08T07:10:49.2982232Z Collecting types-python-dateutil>=2.8.10 (from arrow>=0.15.0->isoduration->jsonschema[format-nongpl]>=4.18.0->jupyter-events>=0.11.0->jupyter-server<3,>=2.4.0->jupyterlab->-r requirements-dev.txt (line 36))
2025-08-08T07:10:49.3018750Z   Downloading types_python_dateutil-2.9.0.20250708-py3-none-any.whl.metadata (1.9 kB)
2025-08-08T07:10:49.3950308Z Collecting executing>=1.2.0 (from stack_data->ipython>=6.1.0->ipywidgets->-r requirements-dev.txt (line 35))
2025-08-08T07:10:49.3984977Z   Downloading executing-2.2.0-py2.py3-none-any.whl.metadata (8.9 kB)
2025-08-08T07:10:49.4166580Z Collecting asttokens>=2.1.0 (from stack_data->ipython>=6.1.0->ipywidgets->-r requirements-dev.txt (line 35))
2025-08-08T07:10:49.4203438Z   Downloading asttokens-3.0.0-py3-none-any.whl.metadata (4.7 kB)
2025-08-08T07:10:49.4321159Z Collecting pure-eval (from stack_data->ipython>=6.1.0->ipywidgets->-r requirements-dev.txt (line 35))
2025-08-08T07:10:49.4358104Z   Downloading pure_eval-0.2.3-py3-none-any.whl.metadata (6.3 kB)
2025-08-08T07:10:49.4704265Z Downloading numpy-2.3.2-cp312-cp312-manylinux_2_27_x86_64.manylinux_2_28_x86_64.whl (16.6 MB)
2025-08-08T07:10:49.5648384Z    ━━━━━━━━━━━━━━━━━━━━━━━━━━━━━━━━━━━━━━━━ 16.6/16.6 MB 184.4 MB/s  0:00:00
2025-08-08T07:10:49.5685713Z Downloading pandas-2.3.1-cp312-cp312-manylinux_2_17_x86_64.manylinux2014_x86_64.whl (12.0 MB)
2025-08-08T07:10:49.6378502Z    ━━━━━━━━━━━━━━━━━━━━━━━━━━━━━━━━━━━━━━━━ 12.0/12.0 MB 184.8 MB/s  0:00:00
2025-08-08T07:10:49.6412305Z Downloading openpyxl-3.1.5-py2.py3-none-any.whl (250 kB)
2025-08-08T07:10:49.6508408Z Downloading jupyter-1.1.1-py2.py3-none-any.whl (2.7 kB)
2025-08-08T07:10:49.6588364Z Downloading pytest-8.4.1-py3-none-any.whl (365 kB)
2025-08-08T07:10:49.6673055Z Downloading pluggy-1.6.0-py3-none-any.whl (20 kB)
2025-08-08T07:10:49.6744246Z Downloading hypothesis-6.137.1-py3-none-any.whl (527 kB)
2025-08-08T07:10:49.6816320Z    ━━━━━━━━━━━━━━━━━━━━━━━━━━━━━━━━━━━━━━━━ 527.6/527.6 kB 57.6 MB/s  0:00:00
2025-08-08T07:10:49.6851767Z Downloading sortedcontainers-2.4.0-py2.py3-none-any.whl (29 kB)
2025-08-08T07:10:49.6920192Z Downloading ruff-0.12.8-py3-none-manylinux_2_17_x86_64.manylinux2014_x86_64.whl (12.8 MB)
2025-08-08T07:10:49.7710738Z    ━━━━━━━━━━━━━━━━━━━━━━━━━━━━━━━━━━━━━━━━ 12.8/12.8 MB 173.5 MB/s  0:00:00
2025-08-08T07:10:49.7768522Z Downloading pyright-1.1.403-py3-none-any.whl (5.7 MB)
2025-08-08T07:10:49.8299710Z    ━━━━━━━━━━━━━━━━━━━━━━━━━━━━━━━━━━━━━━━━ 5.7/5.7 MB 107.3 MB/s  0:00:00
2025-08-08T07:10:49.8338354Z Downloading pydantic-2.11.7-py3-none-any.whl (444 kB)
2025-08-08T07:10:49.8468385Z Downloading pydantic_core-2.33.2-cp312-cp312-manylinux_2_17_x86_64.manylinux2014_x86_64.whl (2.0 MB)
2025-08-08T07:10:49.8827695Z    ━━━━━━━━━━━━━━━━━━━━━━━━━━━━━━━━━━━━━━━━ 2.0/2.0 MB 52.3 MB/s  0:00:00
2025-08-08T07:10:49.8840835Z Using cached rich-14.1.0-py3-none-any.whl (243 kB)
2025-08-08T07:10:49.8855691Z Using cached pygments-2.19.2-py3-none-any.whl (1.2 MB)
2025-08-08T07:10:49.8898107Z Downloading plotly-6.2.0-py3-none-any.whl (9.6 MB)
2025-08-08T07:10:49.9606659Z    ━━━━━━━━━━━━━━━━━━━━━━━━━━━━━━━━━━━━━━━━ 9.6/9.6 MB 142.7 MB/s  0:00:00
2025-08-08T07:10:49.9646084Z Downloading kaleido-1.0.0-py3-none-any.whl (51 kB)
2025-08-08T07:10:49.9732025Z Downloading streamlit-1.48.0-py3-none-any.whl (9.9 MB)
2025-08-08T07:10:50.0210506Z    ━━━━━━━━━━━━━━━━━━━━━━━━━━━━━━━━━━━━━━━━ 9.9/9.9 MB 214.6 MB/s  0:00:00
2025-08-08T07:10:50.0245628Z Downloading altair-5.5.0-py3-none-any.whl (731 kB)
2025-08-08T07:10:50.0325983Z    ━━━━━━━━━━━━━━━━━━━━━━━━━━━━━━━━━━━━━━━━ 731.2/731.2 kB 114.4 MB/s  0:00:00
2025-08-08T07:10:50.0372417Z Downloading blinker-1.9.0-py3-none-any.whl (8.5 kB)
2025-08-08T07:10:50.0428489Z Downloading cachetools-6.1.0-py3-none-any.whl (11 kB)
2025-08-08T07:10:50.0485665Z Downloading click-8.2.1-py3-none-any.whl (102 kB)
2025-08-08T07:10:50.0541437Z Downloading gitpython-3.1.45-py3-none-any.whl (208 kB)
2025-08-08T07:10:50.0607435Z Downloading gitdb-4.0.12-py3-none-any.whl (62 kB)
2025-08-08T07:10:50.0662336Z Downloading packaging-25.0-py3-none-any.whl (66 kB)
2025-08-08T07:10:50.0741903Z Downloading pillow-11.3.0-cp312-cp312-manylinux_2_27_x86_64.manylinux_2_28_x86_64.whl (6.6 MB)
2025-08-08T07:10:50.1477467Z    ━━━━━━━━━━━━━━━━━━━━━━━━━━━━━━━━━━━━━━━━ 6.6/6.6 MB 90.1 MB/s  0:00:00
2025-08-08T07:10:50.1515872Z Downloading protobuf-6.31.1-cp39-abi3-manylinux2014_x86_64.whl (321 kB)
2025-08-08T07:10:50.2180300Z Downloading pydeck-0.9.1-py2.py3-none-any.whl (6.9 MB)
2025-08-08T07:10:50.2897692Z    ━━━━━━━━━━━━━━━━━━━━━━━━━━━━━━━━━━━━━━━━ 6.9/6.9 MB 96.6 MB/s  0:00:00
2025-08-08T07:10:50.2932709Z Downloading requests-2.32.4-py3-none-any.whl (64 kB)
2025-08-08T07:10:50.2993513Z Downloading charset_normalizer-3.4.2-cp312-cp312-manylinux_2_17_x86_64.manylinux2014_x86_64.whl (148 kB)
2025-08-08T07:10:50.3057103Z Downloading idna-3.10-py3-none-any.whl (70 kB)
2025-08-08T07:10:50.3127335Z Downloading smmap-5.0.2-py3-none-any.whl (24 kB)
2025-08-08T07:10:50.3178776Z Downloading tenacity-9.1.2-py3-none-any.whl (28 kB)
2025-08-08T07:10:50.3228834Z Downloading toml-0.10.2-py2.py3-none-any.whl (16 kB)
2025-08-08T07:10:50.3292390Z Downloading tornado-6.5.1-cp39-abi3-manylinux_2_5_x86_64.manylinux1_x86_64.manylinux_2_17_x86_64.manylinux2014_x86_64.whl (443 kB)
2025-08-08T07:10:50.3363287Z Downloading typing_extensions-4.14.1-py3-none-any.whl (43 kB)
2025-08-08T07:10:50.3416768Z Downloading urllib3-2.5.0-py3-none-any.whl (129 kB)
2025-08-08T07:10:50.3478517Z Downloading watchdog-6.0.0-py3-none-manylinux2014_x86_64.whl (79 kB)
2025-08-08T07:10:50.3539414Z Downloading python_pptx-1.0.2-py3-none-any.whl (472 kB)
2025-08-08T07:10:50.3622212Z Downloading xlsxwriter-3.2.5-py3-none-any.whl (172 kB)
2025-08-08T07:10:50.3684017Z Downloading black-25.1.0-cp312-cp312-manylinux_2_17_x86_64.manylinux2014_x86_64.manylinux_2_28_x86_64.whl (1.8 MB)
2025-08-08T07:10:50.3837766Z    ━━━━━━━━━━━━━━━━━━━━━━━━━━━━━━━━━━━━━━━━ 1.8/1.8 MB 155.7 MB/s  0:00:00
2025-08-08T07:10:50.3874490Z Downloading pre_commit-4.2.0-py2.py3-none-any.whl (220 kB)
2025-08-08T07:10:50.3964809Z Downloading pytest_cov-6.2.1-py3-none-any.whl (24 kB)
2025-08-08T07:10:50.4020100Z Downloading pytest_xdist-3.8.0-py3-none-any.whl (46 kB)
2025-08-08T07:10:50.4057268Z Using cached bandit-1.8.6-py3-none-any.whl (133 kB)
2025-08-08T07:10:50.4103992Z Downloading mypy-1.17.1-cp312-cp312-manylinux2014_x86_64.manylinux_2_17_x86_64.manylinux_2_28_x86_64.whl (12.7 MB)
2025-08-08T07:10:50.4690710Z    ━━━━━━━━━━━━━━━━━━━━━━━━━━━━━━━━━━━━━━━━ 12.7/12.7 MB 223.9 MB/s  0:00:00
2025-08-08T07:10:50.4730147Z Downloading types_pyyaml-6.0.12.20250516-py3-none-any.whl (20 kB)
2025-08-08T07:10:50.4791621Z Downloading flake8-7.3.0-py2.py3-none-any.whl (57 kB)
2025-08-08T07:10:50.4850228Z Downloading mccabe-0.7.0-py2.py3-none-any.whl (7.3 kB)
2025-08-08T07:10:50.4909811Z Downloading pycodestyle-2.14.0-py2.py3-none-any.whl (31 kB)
2025-08-08T07:10:50.4966209Z Downloading pyflakes-3.4.0-py2.py3-none-any.whl (63 kB)
2025-08-08T07:10:50.5021128Z Downloading isort-6.0.1-py3-none-any.whl (94 kB)
2025-08-08T07:10:50.5083609Z Downloading docutils-0.21.2-py3-none-any.whl (587 kB)
2025-08-08T07:10:50.5148183Z    ━━━━━━━━━━━━━━━━━━━━━━━━━━━━━━━━━━━━━━━━ 587.4/587.4 kB 87.6 MB/s  0:00:00
2025-08-08T07:10:50.5194689Z Downloading sphinx_rtd_theme-3.0.2-py2.py3-none-any.whl (7.7 MB)
2025-08-08T07:10:50.7260898Z    ━━━━━━━━━━━━━━━━━━━━━━━━━━━━━━━━━━━━━━━━ 7.7/7.7 MB 36.2 MB/s  0:00:00
2025-08-08T07:10:50.7308060Z Downloading sphinxcontrib_jquery-4.1-py2.py3-none-any.whl (121 kB)
2025-08-08T07:10:50.7380441Z Downloading nbsphinx-0.9.7-py3-none-any.whl (31 kB)
2025-08-08T07:10:50.7451434Z Downloading sphinx-8.1.3-py3-none-any.whl (3.5 MB)
2025-08-08T07:10:50.7623344Z    ━━━━━━━━━━━━━━━━━━━━━━━━━━━━━━━━━━━━━━━━ 3.5/3.5 MB 219.2 MB/s  0:00:00
2025-08-08T07:10:50.7666205Z Downloading ipywidgets-8.1.7-py3-none-any.whl (139 kB)
2025-08-08T07:10:50.7738878Z Downloading jupyterlab_widgets-3.0.15-py3-none-any.whl (216 kB)
2025-08-08T07:10:50.7821677Z Downloading widgetsnbextension-4.0.14-py3-none-any.whl (2.2 MB)
2025-08-08T07:10:50.7944720Z    ━━━━━━━━━━━━━━━━━━━━━━━━━━━━━━━━━━━━━━━━ 2.2/2.2 MB 195.0 MB/s  0:00:00
2025-08-08T07:10:50.8029827Z Downloading jupyterlab-4.4.5-py3-none-any.whl (12.3 MB)
2025-08-08T07:10:51.0055526Z    ━━━━━━━━━━━━━━━━━━━━━━━━━━━━━━━━━━━━━━━━ 12.3/12.3 MB 61.2 MB/s  0:00:00
2025-08-08T07:10:51.0089966Z Downloading jupyter_server-2.16.0-py3-none-any.whl (386 kB)
2025-08-08T07:10:51.0171687Z Downloading jupyterlab_server-2.27.3-py3-none-any.whl (59 kB)
2025-08-08T07:10:51.0227268Z Downloading alabaster-1.0.0-py3-none-any.whl (13 kB)
2025-08-08T07:10:51.0281490Z Downloading annotated_types-0.7.0-py3-none-any.whl (13 kB)
2025-08-08T07:10:51.0334749Z Downloading anyio-4.10.0-py3-none-any.whl (107 kB)
2025-08-08T07:10:51.0394824Z Downloading argon2_cffi-25.1.0-py3-none-any.whl (14 kB)
2025-08-08T07:10:51.0446540Z Downloading async_lru-2.0.5-py3-none-any.whl (6.1 kB)
2025-08-08T07:10:51.0525136Z Downloading attrs-25.3.0-py3-none-any.whl (63 kB)
2025-08-08T07:10:51.0581656Z Downloading babel-2.17.0-py3-none-any.whl (10.2 MB)
2025-08-08T07:10:51.1172670Z    ━━━━━━━━━━━━━━━━━━━━━━━━━━━━━━━━━━━━━━━━ 10.2/10.2 MB 184.3 MB/s  0:00:00
2025-08-08T07:10:51.1209471Z Downloading certifi-2025.8.3-py3-none-any.whl (161 kB)
2025-08-08T07:10:51.1271149Z Downloading cfgv-3.4.0-py2.py3-none-any.whl (7.2 kB)
2025-08-08T07:10:51.1321175Z Downloading choreographer-1.0.9-py3-none-any.whl (51 kB)
2025-08-08T07:10:51.1375840Z Downloading comm-0.2.3-py3-none-any.whl (7.3 kB)
2025-08-08T07:10:51.1442845Z Downloading coverage-7.10.2-cp312-cp312-manylinux1_x86_64.manylinux_2_28_x86_64.manylinux_2_5_x86_64.whl (248 kB)
2025-08-08T07:10:51.1501102Z Downloading execnet-2.1.1-py3-none-any.whl (40 kB)
2025-08-08T07:10:51.1555052Z Downloading httpx-0.28.1-py3-none-any.whl (73 kB)
2025-08-08T07:10:51.1609217Z Downloading httpcore-1.0.9-py3-none-any.whl (78 kB)
2025-08-08T07:10:51.1670501Z Downloading h11-0.16.0-py3-none-any.whl (37 kB)
2025-08-08T07:10:51.1726620Z Downloading identify-2.6.12-py2.py3-none-any.whl (99 kB)
2025-08-08T07:10:51.1784013Z Downloading imagesize-1.4.1-py2.py3-none-any.whl (8.8 kB)
2025-08-08T07:10:51.1834246Z Downloading iniconfig-2.1.0-py3-none-any.whl (6.0 kB)
2025-08-08T07:10:51.1888989Z Downloading ipykernel-6.30.1-py3-none-any.whl (117 kB)
2025-08-08T07:10:51.1977002Z Downloading debugpy-1.8.16-cp312-cp312-manylinux_2_5_x86_64.manylinux1_x86_64.manylinux_2_17_x86_64.manylinux2014_x86_64.whl (4.2 MB)
2025-08-08T07:10:51.2230090Z    ━━━━━━━━━━━━━━━━━━━━━━━━━━━━━━━━━━━━━━━━ 4.2/4.2 MB 174.4 MB/s  0:00:00
2025-08-08T07:10:51.2266328Z Downloading ipython-9.4.0-py3-none-any.whl (611 kB)
2025-08-08T07:10:51.2328592Z    ━━━━━━━━━━━━━━━━━━━━━━━━━━━━━━━━━━━━━━━━ 611.0/611.0 kB 90.3 MB/s  0:00:00
2025-08-08T07:10:51.2361217Z Downloading prompt_toolkit-3.0.51-py3-none-any.whl (387 kB)
2025-08-08T07:10:51.2453944Z Downloading jedi-0.19.2-py2.py3-none-any.whl (1.6 MB)
2025-08-08T07:10:51.2595797Z    ━━━━━━━━━━━━━━━━━━━━━━━━━━━━━━━━━━━━━━━━ 1.6/1.6 MB 140.2 MB/s  0:00:00
2025-08-08T07:10:51.2628393Z Downloading parso-0.8.4-py2.py3-none-any.whl (103 kB)
2025-08-08T07:10:51.2702345Z Downloading jinja2-3.1.6-py3-none-any.whl (134 kB)
2025-08-08T07:10:51.2787842Z Downloading json5-0.12.0-py3-none-any.whl (36 kB)
2025-08-08T07:10:51.2847422Z Downloading jsonschema-4.25.0-py3-none-any.whl (89 kB)
2025-08-08T07:10:51.2914544Z Downloading jsonschema_specifications-2025.4.1-py3-none-any.whl (18 kB)
2025-08-08T07:10:51.2974982Z Downloading jupyter_client-8.6.3-py3-none-any.whl (106 kB)
2025-08-08T07:10:51.3031483Z Downloading jupyter_core-5.8.1-py3-none-any.whl (28 kB)
2025-08-08T07:10:51.3094368Z Downloading jupyter_events-0.12.0-py3-none-any.whl (19 kB)
2025-08-08T07:10:51.3152508Z Downloading jsonpointer-3.0.0-py2.py3-none-any.whl (7.6 kB)
2025-08-08T07:10:51.3221473Z Downloading jupyter_highlight_selected_word-0.2.0-py2.py3-none-any.whl (11 kB)
2025-08-08T07:10:51.3276222Z Downloading jupyter_lsp-2.2.6-py3-none-any.whl (69 kB)
2025-08-08T07:10:51.3343064Z Downloading jupyter_nbextensions_configurator-0.6.4-py2.py3-none-any.whl (466 kB)
2025-08-08T07:10:51.3430547Z Downloading jupyter_server_terminals-0.5.3-py3-none-any.whl (13 kB)
2025-08-08T07:10:51.3484464Z Downloading logistro-1.1.0-py3-none-any.whl (7.9 kB)
2025-08-08T07:10:51.3537315Z Downloading lxml-6.0.0-cp312-cp312-manylinux_2_27_x86_64.manylinux_2_28_x86_64.whl (5.3 MB)
2025-08-08T07:10:51.3899148Z    ━━━━━━━━━━━━━━━━━━━━━━━━━━━━━━━━━━━━━━━━ 5.3/5.3 MB 170.1 MB/s  0:00:00
2025-08-08T07:10:51.3912147Z Using cached markdown_it_py-3.0.0-py3-none-any.whl (87 kB)
2025-08-08T07:10:51.3924488Z Using cached mdurl-0.1.2-py3-none-any.whl (10.0 kB)
2025-08-08T07:10:51.3991129Z Downloading MarkupSafe-3.0.2-cp312-cp312-manylinux_2_17_x86_64.manylinux2014_x86_64.whl (23 kB)
2025-08-08T07:10:51.4055246Z Downloading matplotlib_inline-0.1.7-py3-none-any.whl (9.9 kB)
2025-08-08T07:10:51.4109745Z Downloading mypy_extensions-1.1.0-py3-none-any.whl (5.0 kB)
2025-08-08T07:10:51.4177935Z Downloading narwhals-2.0.1-py3-none-any.whl (385 kB)
2025-08-08T07:10:51.4255931Z Downloading nbconvert-7.16.6-py3-none-any.whl (258 kB)
2025-08-08T07:10:51.4318892Z Downloading mistune-3.1.3-py3-none-any.whl (53 kB)
2025-08-08T07:10:51.4376536Z Downloading bleach-6.2.0-py3-none-any.whl (163 kB)
2025-08-08T07:10:51.4440001Z Downloading tinycss2-1.4.0-py3-none-any.whl (26 kB)
2025-08-08T07:10:51.4494417Z Downloading nbclient-0.10.2-py3-none-any.whl (25 kB)
2025-08-08T07:10:51.4547762Z Downloading nbformat-5.10.4-py3-none-any.whl (78 kB)
2025-08-08T07:10:51.4607873Z Downloading fastjsonschema-2.21.1-py3-none-any.whl (23 kB)
2025-08-08T07:10:51.4662716Z Downloading nest_asyncio-1.6.0-py3-none-any.whl (5.2 kB)
2025-08-08T07:10:51.4713379Z Downloading nodeenv-1.9.1-py2.py3-none-any.whl (22 kB)
2025-08-08T07:10:51.4783441Z Downloading notebook-7.4.5-py3-none-any.whl (14.3 MB)
2025-08-08T07:10:51.5642146Z    ━━━━━━━━━━━━━━━━━━━━━━━━━━━━━━━━━━━━━━━━ 14.3/14.3 MB 169.3 MB/s  0:00:00
2025-08-08T07:10:51.5678077Z Downloading notebook_shim-0.2.4-py3-none-any.whl (13 kB)
2025-08-08T07:10:51.5767189Z Downloading orjson-3.11.1-cp312-cp312-manylinux_2_17_x86_64.manylinux2014_x86_64.whl (131 kB)
2025-08-08T07:10:51.5838673Z Downloading overrides-7.7.0-py3-none-any.whl (17 kB)
2025-08-08T07:10:51.5924974Z Downloading pandocfilters-1.5.1-py2.py3-none-any.whl (8.7 kB)
2025-08-08T07:10:51.5991641Z Downloading pathspec-0.12.1-py3-none-any.whl (31 kB)
2025-08-08T07:10:51.6045809Z Downloading pexpect-4.9.0-py2.py3-none-any.whl (63 kB)
2025-08-08T07:10:51.6120049Z Downloading platformdirs-4.3.8-py3-none-any.whl (18 kB)
2025-08-08T07:10:51.6175555Z Downloading prometheus_client-0.22.1-py3-none-any.whl (58 kB)
2025-08-08T07:10:51.6241716Z Downloading psutil-7.0.0-cp36-abi3-manylinux_2_12_x86_64.manylinux2010_x86_64.manylinux_2_17_x86_64.manylinux2014_x86_64.whl (277 kB)
2025-08-08T07:10:51.6317649Z Downloading ptyprocess-0.7.0-py2.py3-none-any.whl (13 kB)
2025-08-08T07:10:51.6388468Z Downloading pyarrow-21.0.0-cp312-cp312-manylinux_2_28_x86_64.whl (42.8 MB)
2025-08-08T07:10:51.8355232Z    ━━━━━━━━━━━━━━━━━━━━━━━━━━━━━━━━━━━━━━━━ 42.8/42.8 MB 219.8 MB/s  0:00:00
2025-08-08T07:10:51.8394209Z Downloading python_dateutil-2.9.0.post0-py2.py3-none-any.whl (229 kB)
2025-08-08T07:10:51.8473148Z Downloading python_json_logger-3.3.0-py3-none-any.whl (15 kB)
2025-08-08T07:10:51.8532499Z Downloading pytz-2025.2-py2.py3-none-any.whl (509 kB)
2025-08-08T07:10:51.8603157Z Using cached PyYAML-6.0.2-cp312-cp312-manylinux_2_17_x86_64.manylinux2014_x86_64.whl (767 kB)
2025-08-08T07:10:51.8659756Z Downloading pyzmq-27.0.1-cp312-abi3-manylinux_2_26_x86_64.manylinux_2_28_x86_64.whl (839 kB)
2025-08-08T07:10:51.8740196Z    ━━━━━━━━━━━━━━━━━━━━━━━━━━━━━━━━━━━━━━━━ 839.8/839.8 kB 106.0 MB/s  0:00:00
2025-08-08T07:10:51.8781365Z Downloading referencing-0.36.2-py3-none-any.whl (26 kB)
2025-08-08T07:10:51.8845608Z Downloading rfc3986_validator-0.1.1-py2.py3-none-any.whl (4.2 kB)
2025-08-08T07:10:51.8922143Z Downloading rfc3987_syntax-1.1.0-py3-none-any.whl (8.0 kB)
2025-08-08T07:10:51.8979575Z Downloading lark-1.2.2-py3-none-any.whl (111 kB)
2025-08-08T07:10:51.9042274Z Downloading rpds_py-0.27.0-cp312-cp312-manylinux_2_17_x86_64.manylinux2014_x86_64.whl (386 kB)
2025-08-08T07:10:51.9162805Z Downloading Send2Trash-1.8.3-py3-none-any.whl (18 kB)
2025-08-08T07:10:51.9198848Z Using cached setuptools-80.9.0-py3-none-any.whl (1.2 MB)
2025-08-08T07:10:51.9253364Z Downloading simplejson-3.20.1-cp312-cp312-manylinux_2_5_x86_64.manylinux1_x86_64.manylinux_2_17_x86_64.manylinux2014_x86_64.whl (152 kB)
2025-08-08T07:10:51.9360524Z Downloading six-1.17.0-py2.py3-none-any.whl (11 kB)
2025-08-08T07:10:51.9429765Z Downloading sniffio-1.3.1-py3-none-any.whl (10 kB)
2025-08-08T07:10:51.9490352Z Downloading snowballstemmer-3.0.1-py3-none-any.whl (103 kB)
2025-08-08T07:10:51.9553255Z Downloading sphinxcontrib_applehelp-2.0.0-py3-none-any.whl (119 kB)
2025-08-08T07:10:51.9616470Z Downloading sphinxcontrib_devhelp-2.0.0-py3-none-any.whl (82 kB)
2025-08-08T07:10:51.9677647Z Downloading sphinxcontrib_htmlhelp-2.1.0-py3-none-any.whl (98 kB)
2025-08-08T07:10:51.9741482Z Downloading sphinxcontrib_jsmath-1.0.1-py2.py3-none-any.whl (5.1 kB)
2025-08-08T07:10:51.9798802Z Downloading sphinxcontrib_qthelp-2.0.0-py3-none-any.whl (88 kB)
2025-08-08T07:10:51.9853037Z Downloading sphinxcontrib_serializinghtml-2.0.0-py3-none-any.whl (92 kB)
2025-08-08T07:10:51.9892582Z Using cached stevedore-5.4.1-py3-none-any.whl (49 kB)
2025-08-08T07:10:51.9903699Z Using cached pbr-6.1.1-py2.py3-none-any.whl (108 kB)
2025-08-08T07:10:51.9940021Z Downloading terminado-0.18.1-py3-none-any.whl (14 kB)
2025-08-08T07:10:51.9992409Z Downloading traitlets-5.14.3-py3-none-any.whl (85 kB)
2025-08-08T07:10:52.0045329Z Downloading typing_inspection-0.4.1-py3-none-any.whl (14 kB)
2025-08-08T07:10:52.0099869Z Downloading tzdata-2025.2-py2.py3-none-any.whl (347 kB)
2025-08-08T07:10:52.0169813Z Downloading virtualenv-20.33.1-py3-none-any.whl (6.1 MB)
2025-08-08T07:10:52.0565839Z    ━━━━━━━━━━━━━━━━━━━━━━━━━━━━━━━━━━━━━━━━ 6.1/6.1 MB 169.9 MB/s  0:00:00
2025-08-08T07:10:52.0600100Z Downloading distlib-0.4.0-py2.py3-none-any.whl (469 kB)
2025-08-08T07:10:52.0680509Z Downloading filelock-3.18.0-py3-none-any.whl (16 kB)
2025-08-08T07:10:52.0731406Z Downloading webcolors-24.11.1-py3-none-any.whl (14 kB)
2025-08-08T07:10:52.0786708Z Downloading webencodings-0.5.1-py2.py3-none-any.whl (11 kB)
2025-08-08T07:10:52.0838869Z Downloading websocket_client-1.8.0-py3-none-any.whl (58 kB)
2025-08-08T07:10:52.0898483Z Downloading argon2_cffi_bindings-25.1.0-cp39-abi3-manylinux_2_26_x86_64.manylinux_2_28_x86_64.whl (87 kB)
2025-08-08T07:10:52.0952497Z Downloading cffi-1.17.1-cp312-cp312-manylinux_2_17_x86_64.manylinux2014_x86_64.whl (479 kB)
2025-08-08T07:10:52.1041973Z Downloading beautifulsoup4-4.13.4-py3-none-any.whl (187 kB)
2025-08-08T07:10:52.1141259Z Downloading soupsieve-2.7-py3-none-any.whl (36 kB)
2025-08-08T07:10:52.1192673Z Downloading decorator-5.2.1-py3-none-any.whl (9.2 kB)
2025-08-08T07:10:52.1246087Z Downloading defusedxml-0.7.1-py2.py3-none-any.whl (25 kB)
2025-08-08T07:10:52.1311068Z Downloading et_xmlfile-2.0.0-py3-none-any.whl (18 kB)
2025-08-08T07:10:52.1364718Z Downloading fqdn-1.5.1-py3-none-any.whl (9.1 kB)
2025-08-08T07:10:52.1439424Z Downloading ipython_genutils-0.2.0-py2.py3-none-any.whl (26 kB)
2025-08-08T07:10:52.1499154Z Downloading ipython_pygments_lexers-1.1.1-py3-none-any.whl (8.1 kB)
2025-08-08T07:10:52.1580964Z Downloading isoduration-20.11.0-py3-none-any.whl (11 kB)
2025-08-08T07:10:52.1634276Z Downloading arrow-1.3.0-py3-none-any.whl (66 kB)
2025-08-08T07:10:52.1689467Z Downloading types_python_dateutil-2.9.0.20250708-py3-none-any.whl (17 kB)
2025-08-08T07:10:52.1744265Z Downloading jupyter_console-6.6.3-py3-none-any.whl (24 kB)
2025-08-08T07:10:52.1799671Z Downloading jupyterlab_pygments-0.3.0-py3-none-any.whl (15 kB)
2025-08-08T07:10:52.1851611Z Downloading pycparser-2.22-py3-none-any.whl (117 kB)
2025-08-08T07:10:52.1905819Z Downloading rfc3339_validator-0.1.4-py2.py3-none-any.whl (3.5 kB)
2025-08-08T07:10:52.1953528Z Downloading stack_data-0.6.3-py3-none-any.whl (24 kB)
2025-08-08T07:10:52.2004666Z Downloading asttokens-3.0.0-py3-none-any.whl (26 kB)
2025-08-08T07:10:52.2055394Z Downloading executing-2.2.0-py2.py3-none-any.whl (26 kB)
2025-08-08T07:10:52.2107213Z Downloading pure_eval-0.2.3-py3-none-any.whl (11 kB)
2025-08-08T07:10:52.2169469Z Downloading uri_template-1.3.0-py3-none-any.whl (11 kB)
2025-08-08T07:10:52.2222641Z Downloading wcwidth-0.2.13-py2.py3-none-any.whl (34 kB)
2025-08-08T07:10:52.6029220Z Building wheels for collected packages: jupyter-contrib-nbextensions, jupyter_contrib_core
2025-08-08T07:10:52.6039092Z   Building wheel for jupyter-contrib-nbextensions (pyproject.toml): started
2025-08-08T07:10:53.8391909Z   Building wheel for jupyter-contrib-nbextensions (pyproject.toml): finished with status 'done'
2025-08-08T07:10:53.8565233Z   Created wheel for jupyter-contrib-nbextensions: filename=jupyter_contrib_nbextensions-0.7.0-py2.py3-none-any.whl size=23428842 sha256=e3c54a08dcfafd3bf45c507905c104023667d1454ad2d97ff89b06b4eaf2ef5b
2025-08-08T07:10:53.8566829Z   Stored in directory: /home/runner/.cache/pip/wheels/4d/e4/20/dd16cdbbddcfe309a4559ea16adfa75fa5c554cfd076f9dae8
2025-08-08T07:10:53.8610917Z   Building wheel for jupyter_contrib_core (pyproject.toml): started
2025-08-08T07:10:54.0891939Z   Building wheel for jupyter_contrib_core (pyproject.toml): finished with status 'done'
2025-08-08T07:10:54.0898116Z   Created wheel for jupyter_contrib_core: filename=jupyter_contrib_core-0.4.2-py2.py3-none-any.whl size=17568 sha256=befae36d6d035e59ec7500dfd7db7083b177c341861a02cefc4b12165bfe14e8
2025-08-08T07:10:54.0899818Z   Stored in directory: /home/runner/.cache/pip/wheels/32/f9/af/259a6f50f8b89d972aa81e31808a0af14e8bfc6867fb16ed07
2025-08-08T07:10:54.0919996Z Successfully built jupyter-contrib-nbextensions jupyter_contrib_core
2025-08-08T07:10:54.4694391Z Installing collected packages: webencodings, wcwidth, sortedcontainers, pytz, pure-eval, ptyprocess, jupyter_highlight_selected_word, ipython_genutils, fastjsonschema, distlib, xlsxwriter, widgetsnbextension, websocket-client, webcolors, watchdog, urllib3, uri-template, tzdata, typing-extensions, types-PyYAML, types-python-dateutil, traitlets, tornado, toml, tinycss2, tenacity, sphinxcontrib-serializinghtml, sphinxcontrib-qthelp, sphinxcontrib-jsmath, sphinxcontrib-htmlhelp, sphinxcontrib-devhelp, sphinxcontrib-applehelp, soupsieve, snowballstemmer, sniffio, smmap, six, simplejson, setuptools, send2trash, ruff, rpds-py, rfc3986-validator, pyzmq, pyyaml, python-json-logger, pygments, pyflakes, pycparser, pycodestyle, pyarrow, psutil, protobuf, prompt_toolkit, prometheus-client, pluggy, platformdirs, pillow, pexpect, pathspec, parso, pandocfilters, packaging, overrides, orjson, numpy, nodeenv, nest-asyncio, narwhals, mypy-extensions, mistune, mdurl, mccabe, MarkupSafe, lxml, logistro, lark, jupyterlab_widgets, jupyterlab-pygments, jsonpointer, json5, isort, iniconfig, imagesize, idna, identify, h11, fqdn, filelock, executing, execnet, et-xmlfile, docutils, defusedxml, decorator, debugpy, coverage, comm, click, charset_normalizer, cfgv, certifi, cachetools, blinker, bleach, babel, attrs, async-lru, asttokens, annotated-types, alabaster, virtualenv, typing-inspection, terminado, stack_data, rfc3987-syntax, rfc3339-validator, requests, referencing, python-pptx, python-dateutil, pytest, pyright, pydantic-core, plotly, pbr, openpyxl, mypy, matplotlib-inline, markdown-it-py, jupyter-core, jinja2, jedi, ipython-pygments-lexers, hypothesis, httpcore, gitdb, flake8, choreographer, cffi, black, beautifulsoup4, anyio, stevedore, sphinx, rich, pytest-xdist, pytest-cov, pydeck, pydantic, pre-commit, pandas, kaleido, jupyter-server-terminals, jupyter-client, jsonschema-specifications, ipython, httpx, gitpython, arrow, argon2-cffi-bindings, sphinxcontrib-jquery, jsonschema, isoduration, ipywidgets, ipykernel, bandit, argon2-cffi, sphinx-rtd-theme, nbformat, jupyter-console, altair, streamlit, nbclient, jupyter-events, nbconvert, nbsphinx, jupyter-server, notebook-shim, jupyterlab-server, jupyter-lsp, jupyterlab, notebook, jupyter_contrib_core, jupyter, jupyter_nbextensions_configurator, jupyter-contrib-nbextensions
2025-08-08T07:11:20.5742830Z 
2025-08-08T07:11:20.5902747Z Successfully installed MarkupSafe-3.0.2 alabaster-1.0.0 altair-5.5.0 annotated-types-0.7.0 anyio-4.10.0 argon2-cffi-25.1.0 argon2-cffi-bindings-25.1.0 arrow-1.3.0 asttokens-3.0.0 async-lru-2.0.5 attrs-25.3.0 babel-2.17.0 bandit-1.8.6 beautifulsoup4-4.13.4 black-25.1.0 bleach-6.2.0 blinker-1.9.0 cachetools-6.1.0 certifi-2025.8.3 cffi-1.17.1 cfgv-3.4.0 charset_normalizer-3.4.2 choreographer-1.0.9 click-8.2.1 comm-0.2.3 coverage-7.10.2 debugpy-1.8.16 decorator-5.2.1 defusedxml-0.7.1 distlib-0.4.0 docutils-0.21.2 et-xmlfile-2.0.0 execnet-2.1.1 executing-2.2.0 fastjsonschema-2.21.1 filelock-3.18.0 flake8-7.3.0 fqdn-1.5.1 gitdb-4.0.12 gitpython-3.1.45 h11-0.16.0 httpcore-1.0.9 httpx-0.28.1 hypothesis-6.137.1 identify-2.6.12 idna-3.10 imagesize-1.4.1 iniconfig-2.1.0 ipykernel-6.30.1 ipython-9.4.0 ipython-pygments-lexers-1.1.1 ipython_genutils-0.2.0 ipywidgets-8.1.7 isoduration-20.11.0 isort-6.0.1 jedi-0.19.2 jinja2-3.1.6 json5-0.12.0 jsonpointer-3.0.0 jsonschema-4.25.0 jsonschema-specifications-2025.4.1 jupyter-1.1.1 jupyter-client-8.6.3 jupyter-console-6.6.3 jupyter-contrib-nbextensions-0.7.0 jupyter-core-5.8.1 jupyter-events-0.12.0 jupyter-lsp-2.2.6 jupyter-server-2.16.0 jupyter-server-terminals-0.5.3 jupyter_contrib_core-0.4.2 jupyter_highlight_selected_word-0.2.0 jupyter_nbextensions_configurator-0.6.4 jupyterlab-4.4.5 jupyterlab-pygments-0.3.0 jupyterlab-server-2.27.3 jupyterlab_widgets-3.0.15 kaleido-1.0.0 lark-1.2.2 logistro-1.1.0 lxml-6.0.0 markdown-it-py-3.0.0 matplotlib-inline-0.1.7 mccabe-0.7.0 mdurl-0.1.2 mistune-3.1.3 mypy-1.17.1 mypy-extensions-1.1.0 narwhals-2.0.1 nbclient-0.10.2 nbconvert-7.16.6 nbformat-5.10.4 nbsphinx-0.9.7 nest-asyncio-1.6.0 nodeenv-1.9.1 notebook-7.4.5 notebook-shim-0.2.4 numpy-2.3.2 openpyxl-3.1.5 orjson-3.11.1 overrides-7.7.0 packaging-25.0 pandas-2.3.1 pandocfilters-1.5.1 parso-0.8.4 pathspec-0.12.1 pbr-6.1.1 pexpect-4.9.0 pillow-11.3.0 platformdirs-4.3.8 plotly-6.2.0 pluggy-1.6.0 pre-commit-4.2.0 prometheus-client-0.22.1 prompt_toolkit-3.0.51 protobuf-6.31.1 psutil-7.0.0 ptyprocess-0.7.0 pure-eval-0.2.3 pyarrow-21.0.0 pycodestyle-2.14.0 pycparser-2.22 pydantic-2.11.7 pydantic-core-2.33.2 pydeck-0.9.1 pyflakes-3.4.0 pygments-2.19.2 pyright-1.1.403 pytest-8.4.1 pytest-cov-6.2.1 pytest-xdist-3.8.0 python-dateutil-2.9.0.post0 python-json-logger-3.3.0 python-pptx-1.0.2 pytz-2025.2 pyyaml-6.0.2 pyzmq-27.0.1 referencing-0.36.2 requests-2.32.4 rfc3339-validator-0.1.4 rfc3986-validator-0.1.1 rfc3987-syntax-1.1.0 rich-14.1.0 rpds-py-0.27.0 ruff-0.12.8 send2trash-1.8.3 setuptools-80.9.0 simplejson-3.20.1 six-1.17.0 smmap-5.0.2 sniffio-1.3.1 snowballstemmer-3.0.1 sortedcontainers-2.4.0 soupsieve-2.7 sphinx-8.1.3 sphinx-rtd-theme-3.0.2 sphinxcontrib-applehelp-2.0.0 sphinxcontrib-devhelp-2.0.0 sphinxcontrib-htmlhelp-2.1.0 sphinxcontrib-jquery-4.1 sphinxcontrib-jsmath-1.0.1 sphinxcontrib-qthelp-2.0.0 sphinxcontrib-serializinghtml-2.0.0 stack_data-0.6.3 stevedore-5.4.1 streamlit-1.48.0 tenacity-9.1.2 terminado-0.18.1 tinycss2-1.4.0 toml-0.10.2 tornado-6.5.1 traitlets-5.14.3 types-PyYAML-6.0.12.20250516 types-python-dateutil-2.9.0.20250708 typing-extensions-4.14.1 typing-inspection-0.4.1 tzdata-2025.2 uri-template-1.3.0 urllib3-2.5.0 virtualenv-20.33.1 watchdog-6.0.0 wcwidth-0.2.13 webcolors-24.11.1 webencodings-0.5.1 websocket-client-1.8.0 widgetsnbextension-4.0.14 xlsxwriter-3.2.5
2025-08-08T07:11:22.0658256Z Obtaining file:///home/runner/work/Portable-Alpha-Extension-Model/Portable-Alpha-Extension-Model
2025-08-08T07:11:22.0683513Z   Installing build dependencies: started
2025-08-08T07:11:23.0339681Z   Installing build dependencies: finished with status 'done'
2025-08-08T07:11:23.0345989Z   Checking if build backend supports build_editable: started
2025-08-08T07:11:23.3266556Z   Checking if build backend supports build_editable: finished with status 'done'
2025-08-08T07:11:23.3275387Z   Getting requirements to build editable: started
2025-08-08T07:11:23.6736599Z   Getting requirements to build editable: finished with status 'done'
2025-08-08T07:11:23.6746145Z   Preparing editable metadata (pyproject.toml): started
2025-08-08T07:11:23.8794608Z   Preparing editable metadata (pyproject.toml): finished with status 'done'
2025-08-08T07:11:23.8884816Z Requirement already satisfied: numpy in /opt/hostedtoolcache/Python/3.12.11/x64/lib/python3.12/site-packages (from portable-alpha-extension-model==0.1.0) (2.3.2)
2025-08-08T07:11:23.8889246Z Requirement already satisfied: pandas in /opt/hostedtoolcache/Python/3.12.11/x64/lib/python3.12/site-packages (from portable-alpha-extension-model==0.1.0) (2.3.1)
2025-08-08T07:11:23.8893608Z Requirement already satisfied: openpyxl in /opt/hostedtoolcache/Python/3.12.11/x64/lib/python3.12/site-packages (from portable-alpha-extension-model==0.1.0) (3.1.5)
2025-08-08T07:11:23.8898827Z Requirement already satisfied: pydantic in /opt/hostedtoolcache/Python/3.12.11/x64/lib/python3.12/site-packages (from portable-alpha-extension-model==0.1.0) (2.11.7)
2025-08-08T07:11:23.8902932Z Requirement already satisfied: rich in /opt/hostedtoolcache/Python/3.12.11/x64/lib/python3.12/site-packages (from portable-alpha-extension-model==0.1.0) (14.1.0)
2025-08-08T07:11:23.8908024Z Requirement already satisfied: plotly>=5.19 in /opt/hostedtoolcache/Python/3.12.11/x64/lib/python3.12/site-packages (from portable-alpha-extension-model==0.1.0) (6.2.0)
2025-08-08T07:11:23.8912050Z Requirement already satisfied: kaleido in /opt/hostedtoolcache/Python/3.12.11/x64/lib/python3.12/site-packages (from portable-alpha-extension-model==0.1.0) (1.0.0)
2025-08-08T07:11:23.8917027Z Requirement already satisfied: streamlit>=1.35 in /opt/hostedtoolcache/Python/3.12.11/x64/lib/python3.12/site-packages (from portable-alpha-extension-model==0.1.0) (1.48.0)
2025-08-08T07:11:23.8921060Z Requirement already satisfied: python-pptx in /opt/hostedtoolcache/Python/3.12.11/x64/lib/python3.12/site-packages (from portable-alpha-extension-model==0.1.0) (1.0.2)
2025-08-08T07:11:23.8924979Z Requirement already satisfied: xlsxwriter in /opt/hostedtoolcache/Python/3.12.11/x64/lib/python3.12/site-packages (from portable-alpha-extension-model==0.1.0) (3.2.5)
2025-08-08T07:11:23.8938480Z Requirement already satisfied: narwhals>=1.15.1 in /opt/hostedtoolcache/Python/3.12.11/x64/lib/python3.12/site-packages (from plotly>=5.19->portable-alpha-extension-model==0.1.0) (2.0.1)
2025-08-08T07:11:23.8943351Z Requirement already satisfied: packaging in /opt/hostedtoolcache/Python/3.12.11/x64/lib/python3.12/site-packages (from plotly>=5.19->portable-alpha-extension-model==0.1.0) (25.0)
2025-08-08T07:11:23.9015645Z Requirement already satisfied: altair!=5.4.0,!=5.4.1,<6,>=4.0 in /opt/hostedtoolcache/Python/3.12.11/x64/lib/python3.12/site-packages (from streamlit>=1.35->portable-alpha-extension-model==0.1.0) (5.5.0)
2025-08-08T07:11:23.9022349Z Requirement already satisfied: blinker<2,>=1.5.0 in /opt/hostedtoolcache/Python/3.12.11/x64/lib/python3.12/site-packages (from streamlit>=1.35->portable-alpha-extension-model==0.1.0) (1.9.0)
2025-08-08T07:11:23.9028722Z Requirement already satisfied: cachetools<7,>=4.0 in /opt/hostedtoolcache/Python/3.12.11/x64/lib/python3.12/site-packages (from streamlit>=1.35->portable-alpha-extension-model==0.1.0) (6.1.0)
2025-08-08T07:11:23.9035104Z Requirement already satisfied: click<9,>=7.0 in /opt/hostedtoolcache/Python/3.12.11/x64/lib/python3.12/site-packages (from streamlit>=1.35->portable-alpha-extension-model==0.1.0) (8.2.1)
2025-08-08T07:11:23.9047584Z Requirement already satisfied: pillow<12,>=7.1.0 in /opt/hostedtoolcache/Python/3.12.11/x64/lib/python3.12/site-packages (from streamlit>=1.35->portable-alpha-extension-model==0.1.0) (11.3.0)
2025-08-08T07:11:23.9053966Z Requirement already satisfied: protobuf<7,>=3.20 in /opt/hostedtoolcache/Python/3.12.11/x64/lib/python3.12/site-packages (from streamlit>=1.35->portable-alpha-extension-model==0.1.0) (6.31.1)
2025-08-08T07:11:23.9060142Z Requirement already satisfied: pyarrow>=7.0 in /opt/hostedtoolcache/Python/3.12.11/x64/lib/python3.12/site-packages (from streamlit>=1.35->portable-alpha-extension-model==0.1.0) (21.0.0)
2025-08-08T07:11:23.9066584Z Requirement already satisfied: requests<3,>=2.27 in /opt/hostedtoolcache/Python/3.12.11/x64/lib/python3.12/site-packages (from streamlit>=1.35->portable-alpha-extension-model==0.1.0) (2.32.4)
2025-08-08T07:11:23.9072831Z Requirement already satisfied: tenacity<10,>=8.1.0 in /opt/hostedtoolcache/Python/3.12.11/x64/lib/python3.12/site-packages (from streamlit>=1.35->portable-alpha-extension-model==0.1.0) (9.1.2)
2025-08-08T07:11:23.9079430Z Requirement already satisfied: toml<2,>=0.10.1 in /opt/hostedtoolcache/Python/3.12.11/x64/lib/python3.12/site-packages (from streamlit>=1.35->portable-alpha-extension-model==0.1.0) (0.10.2)
2025-08-08T07:11:23.9085961Z Requirement already satisfied: typing-extensions<5,>=4.4.0 in /opt/hostedtoolcache/Python/3.12.11/x64/lib/python3.12/site-packages (from streamlit>=1.35->portable-alpha-extension-model==0.1.0) (4.14.1)
2025-08-08T07:11:23.9094825Z Requirement already satisfied: watchdog<7,>=2.1.5 in /opt/hostedtoolcache/Python/3.12.11/x64/lib/python3.12/site-packages (from streamlit>=1.35->portable-alpha-extension-model==0.1.0) (6.0.0)
2025-08-08T07:11:23.9101643Z Requirement already satisfied: gitpython!=3.1.19,<4,>=3.0.7 in /opt/hostedtoolcache/Python/3.12.11/x64/lib/python3.12/site-packages (from streamlit>=1.35->portable-alpha-extension-model==0.1.0) (3.1.45)
2025-08-08T07:11:23.9108306Z Requirement already satisfied: pydeck<1,>=0.8.0b4 in /opt/hostedtoolcache/Python/3.12.11/x64/lib/python3.12/site-packages (from streamlit>=1.35->portable-alpha-extension-model==0.1.0) (0.9.1)
2025-08-08T07:11:23.9115152Z Requirement already satisfied: tornado!=6.5.0,<7,>=6.0.3 in /opt/hostedtoolcache/Python/3.12.11/x64/lib/python3.12/site-packages (from streamlit>=1.35->portable-alpha-extension-model==0.1.0) (6.5.1)
2025-08-08T07:11:23.9141697Z Requirement already satisfied: jinja2 in /opt/hostedtoolcache/Python/3.12.11/x64/lib/python3.12/site-packages (from altair!=5.4.0,!=5.4.1,<6,>=4.0->streamlit>=1.35->portable-alpha-extension-model==0.1.0) (3.1.6)
2025-08-08T07:11:23.9147928Z Requirement already satisfied: jsonschema>=3.0 in /opt/hostedtoolcache/Python/3.12.11/x64/lib/python3.12/site-packages (from altair!=5.4.0,!=5.4.1,<6,>=4.0->streamlit>=1.35->portable-alpha-extension-model==0.1.0) (4.25.0)
2025-08-08T07:11:23.9229285Z Requirement already satisfied: gitdb<5,>=4.0.1 in /opt/hostedtoolcache/Python/3.12.11/x64/lib/python3.12/site-packages (from gitpython!=3.1.19,<4,>=3.0.7->streamlit>=1.35->portable-alpha-extension-model==0.1.0) (4.0.12)
2025-08-08T07:11:23.9257903Z Requirement already satisfied: smmap<6,>=3.0.1 in /opt/hostedtoolcache/Python/3.12.11/x64/lib/python3.12/site-packages (from gitdb<5,>=4.0.1->gitpython!=3.1.19,<4,>=3.0.7->streamlit>=1.35->portable-alpha-extension-model==0.1.0) (5.0.2)
2025-08-08T07:11:23.9356335Z Requirement already satisfied: python-dateutil>=2.8.2 in /opt/hostedtoolcache/Python/3.12.11/x64/lib/python3.12/site-packages (from pandas->portable-alpha-extension-model==0.1.0) (2.9.0.post0)
2025-08-08T07:11:23.9361897Z Requirement already satisfied: pytz>=2020.1 in /opt/hostedtoolcache/Python/3.12.11/x64/lib/python3.12/site-packages (from pandas->portable-alpha-extension-model==0.1.0) (2025.2)
2025-08-08T07:11:23.9367901Z Requirement already satisfied: tzdata>=2022.7 in /opt/hostedtoolcache/Python/3.12.11/x64/lib/python3.12/site-packages (from pandas->portable-alpha-extension-model==0.1.0) (2025.2)
2025-08-08T07:11:23.9556420Z Requirement already satisfied: charset_normalizer<4,>=2 in /opt/hostedtoolcache/Python/3.12.11/x64/lib/python3.12/site-packages (from requests<3,>=2.27->streamlit>=1.35->portable-alpha-extension-model==0.1.0) (3.4.2)
2025-08-08T07:11:23.9563328Z Requirement already satisfied: idna<4,>=2.5 in /opt/hostedtoolcache/Python/3.12.11/x64/lib/python3.12/site-packages (from requests<3,>=2.27->streamlit>=1.35->portable-alpha-extension-model==0.1.0) (3.10)
2025-08-08T07:11:23.9569849Z Requirement already satisfied: urllib3<3,>=1.21.1 in /opt/hostedtoolcache/Python/3.12.11/x64/lib/python3.12/site-packages (from requests<3,>=2.27->streamlit>=1.35->portable-alpha-extension-model==0.1.0) (2.5.0)
2025-08-08T07:11:23.9576025Z Requirement already satisfied: certifi>=2017.4.17 in /opt/hostedtoolcache/Python/3.12.11/x64/lib/python3.12/site-packages (from requests<3,>=2.27->streamlit>=1.35->portable-alpha-extension-model==0.1.0) (2025.8.3)
2025-08-08T07:11:23.9702578Z Requirement already satisfied: MarkupSafe>=2.0 in /opt/hostedtoolcache/Python/3.12.11/x64/lib/python3.12/site-packages (from jinja2->altair!=5.4.0,!=5.4.1,<6,>=4.0->streamlit>=1.35->portable-alpha-extension-model==0.1.0) (3.0.2)
2025-08-08T07:11:23.9719598Z Requirement already satisfied: attrs>=22.2.0 in /opt/hostedtoolcache/Python/3.12.11/x64/lib/python3.12/site-packages (from jsonschema>=3.0->altair!=5.4.0,!=5.4.1,<6,>=4.0->streamlit>=1.35->portable-alpha-extension-model==0.1.0) (25.3.0)
2025-08-08T07:11:23.9725996Z Requirement already satisfied: jsonschema-specifications>=2023.03.6 in /opt/hostedtoolcache/Python/3.12.11/x64/lib/python3.12/site-packages (from jsonschema>=3.0->altair!=5.4.0,!=5.4.1,<6,>=4.0->streamlit>=1.35->portable-alpha-extension-model==0.1.0) (2025.4.1)
2025-08-08T07:11:23.9731889Z Requirement already satisfied: referencing>=0.28.4 in /opt/hostedtoolcache/Python/3.12.11/x64/lib/python3.12/site-packages (from jsonschema>=3.0->altair!=5.4.0,!=5.4.1,<6,>=4.0->streamlit>=1.35->portable-alpha-extension-model==0.1.0) (0.36.2)
2025-08-08T07:11:23.9738022Z Requirement already satisfied: rpds-py>=0.7.1 in /opt/hostedtoolcache/Python/3.12.11/x64/lib/python3.12/site-packages (from jsonschema>=3.0->altair!=5.4.0,!=5.4.1,<6,>=4.0->streamlit>=1.35->portable-alpha-extension-model==0.1.0) (0.27.0)
2025-08-08T07:11:23.9856314Z Requirement already satisfied: six>=1.5 in /opt/hostedtoolcache/Python/3.12.11/x64/lib/python3.12/site-packages (from python-dateutil>=2.8.2->pandas->portable-alpha-extension-model==0.1.0) (1.17.0)
2025-08-08T07:11:23.9931614Z Requirement already satisfied: choreographer>=1.0.5 in /opt/hostedtoolcache/Python/3.12.11/x64/lib/python3.12/site-packages (from kaleido->portable-alpha-extension-model==0.1.0) (1.0.9)
2025-08-08T07:11:23.9937663Z Requirement already satisfied: logistro>=1.0.8 in /opt/hostedtoolcache/Python/3.12.11/x64/lib/python3.12/site-packages (from kaleido->portable-alpha-extension-model==0.1.0) (1.1.0)
2025-08-08T07:11:23.9943502Z Requirement already satisfied: orjson>=3.10.15 in /opt/hostedtoolcache/Python/3.12.11/x64/lib/python3.12/site-packages (from kaleido->portable-alpha-extension-model==0.1.0) (3.11.1)
2025-08-08T07:11:23.9962313Z Requirement already satisfied: simplejson>=3.19.3 in /opt/hostedtoolcache/Python/3.12.11/x64/lib/python3.12/site-packages (from choreographer>=1.0.5->kaleido->portable-alpha-extension-model==0.1.0) (3.20.1)
2025-08-08T07:11:24.0016580Z Requirement already satisfied: et-xmlfile in /opt/hostedtoolcache/Python/3.12.11/x64/lib/python3.12/site-packages (from openpyxl->portable-alpha-extension-model==0.1.0) (2.0.0)
2025-08-08T07:11:24.0047074Z Requirement already satisfied: annotated-types>=0.6.0 in /opt/hostedtoolcache/Python/3.12.11/x64/lib/python3.12/site-packages (from pydantic->portable-alpha-extension-model==0.1.0) (0.7.0)
2025-08-08T07:11:24.0052910Z Requirement already satisfied: pydantic-core==2.33.2 in /opt/hostedtoolcache/Python/3.12.11/x64/lib/python3.12/site-packages (from pydantic->portable-alpha-extension-model==0.1.0) (2.33.2)
2025-08-08T07:11:24.0060912Z Requirement already satisfied: typing-inspection>=0.4.0 in /opt/hostedtoolcache/Python/3.12.11/x64/lib/python3.12/site-packages (from pydantic->portable-alpha-extension-model==0.1.0) (0.4.1)
2025-08-08T07:11:24.0127634Z Requirement already satisfied: lxml>=3.1.0 in /opt/hostedtoolcache/Python/3.12.11/x64/lib/python3.12/site-packages (from python-pptx->portable-alpha-extension-model==0.1.0) (6.0.0)
2025-08-08T07:11:24.0177932Z Requirement already satisfied: markdown-it-py>=2.2.0 in /opt/hostedtoolcache/Python/3.12.11/x64/lib/python3.12/site-packages (from rich->portable-alpha-extension-model==0.1.0) (3.0.0)
2025-08-08T07:11:24.0184765Z Requirement already satisfied: pygments<3.0.0,>=2.13.0 in /opt/hostedtoolcache/Python/3.12.11/x64/lib/python3.12/site-packages (from rich->portable-alpha-extension-model==0.1.0) (2.19.2)
2025-08-08T07:11:24.0214603Z Requirement already satisfied: mdurl~=0.1 in /opt/hostedtoolcache/Python/3.12.11/x64/lib/python3.12/site-packages (from markdown-it-py>=2.2.0->rich->portable-alpha-extension-model==0.1.0) (0.1.2)
2025-08-08T07:11:24.0266686Z Building wheels for collected packages: portable-alpha-extension-model
2025-08-08T07:11:24.0274533Z   Building editable for portable-alpha-extension-model (pyproject.toml): started
2025-08-08T07:11:24.2712593Z   Building editable for portable-alpha-extension-model (pyproject.toml): finished with status 'done'
2025-08-08T07:11:24.2720274Z   Created wheel for portable-alpha-extension-model: filename=portable_alpha_extension_model-0.1.0-0.editable-py3-none-any.whl size=3178 sha256=14a73f3d9a232b5266fb7c8f26c418c2d1313f9c28004471a2ba7e20c8189409
2025-08-08T07:11:24.2722343Z   Stored in directory: /tmp/pip-ephem-wheel-cache-z4i6sc9m/wheels/b6/9a/4b/d7412e1000c2649003abf63ec58e1f6afd0974b6565111a12f
2025-08-08T07:11:24.2744387Z Successfully built portable-alpha-extension-model
2025-08-08T07:11:24.4575152Z Installing collected packages: portable-alpha-extension-model
2025-08-08T07:11:24.4803115Z Successfully installed portable-alpha-extension-model-0.1.0
2025-08-08T07:11:24.5689003Z ##[group]Run ruff check .
2025-08-08T07:11:24.5689273Z [36;1mruff check .[0m
2025-08-08T07:11:24.5718520Z shell: /usr/bin/bash -e {0}
2025-08-08T07:11:24.5718748Z env:
2025-08-08T07:11:24.5718931Z   PYTHON_VERSION: 3.12
2025-08-08T07:11:24.5719209Z   pythonLocation: /opt/hostedtoolcache/Python/3.12.11/x64
2025-08-08T07:11:24.5719625Z   PKG_CONFIG_PATH: /opt/hostedtoolcache/Python/3.12.11/x64/lib/pkgconfig
2025-08-08T07:11:24.5720033Z   Python_ROOT_DIR: /opt/hostedtoolcache/Python/3.12.11/x64
2025-08-08T07:11:24.5720404Z   Python2_ROOT_DIR: /opt/hostedtoolcache/Python/3.12.11/x64
2025-08-08T07:11:24.5720748Z   Python3_ROOT_DIR: /opt/hostedtoolcache/Python/3.12.11/x64
2025-08-08T07:11:24.5721100Z   LD_LIBRARY_PATH: /opt/hostedtoolcache/Python/3.12.11/x64/lib
2025-08-08T07:11:24.5721390Z ##[endgroup]
2025-08-08T07:11:24.5974460Z get-pip.py:37:1: E402 Module level import not at top of file
2025-08-08T07:11:24.5975009Z    |
2025-08-08T07:11:24.5975282Z 37 | import os.path
2025-08-08T07:11:24.5975663Z    | ^^^^^^^^^^^^^^ E402
2025-08-08T07:11:24.5975880Z 38 | import pkgutil
2025-08-08T07:11:24.5976172Z 39 | import shutil
2025-08-08T07:11:24.5976469Z    |
2025-08-08T07:11:24.5976607Z 
2025-08-08T07:11:24.5976824Z get-pip.py:38:1: E402 Module level import not at top of file
2025-08-08T07:11:24.5977300Z    |
2025-08-08T07:11:24.5977562Z 37 | import os.path
2025-08-08T07:11:24.5977853Z 38 | import pkgutil
2025-08-08T07:11:24.5978155Z    | ^^^^^^^^^^^^^^ E402
2025-08-08T07:11:24.5978470Z 39 | import shutil
2025-08-08T07:11:24.5978825Z 40 | import tempfile
2025-08-08T07:11:24.5979111Z    |
2025-08-08T07:11:24.5979268Z 
2025-08-08T07:11:24.5979413Z get-pip.py:39:1: E402 Module level import not at top of file
2025-08-08T07:11:24.5979714Z    |
2025-08-08T07:11:24.5979868Z 37 | import os.path
2025-08-08T07:11:24.5980060Z 38 | import pkgutil
2025-08-08T07:11:24.5980243Z 39 | import shutil
2025-08-08T07:11:24.5980426Z    | ^^^^^^^^^^^^^ E402
2025-08-08T07:11:24.5980623Z 40 | import tempfile
2025-08-08T07:11:24.5980820Z 41 | import argparse
2025-08-08T07:11:24.5980995Z    |
2025-08-08T07:11:24.5981097Z 
2025-08-08T07:11:24.5981236Z get-pip.py:40:1: E402 Module level import not at top of file
2025-08-08T07:11:24.5981515Z    |
2025-08-08T07:11:24.5981666Z 38 | import pkgutil
2025-08-08T07:11:24.5981844Z 39 | import shutil
2025-08-08T07:11:24.5982020Z 40 | import tempfile
2025-08-08T07:11:24.5982196Z    | ^^^^^^^^^^^^^^^ E402
2025-08-08T07:11:24.5982406Z 41 | import argparse
2025-08-08T07:11:24.5982588Z 42 | import importlib
2025-08-08T07:11:24.5982790Z    |
2025-08-08T07:11:24.5982880Z 
2025-08-08T07:11:24.5983013Z get-pip.py:41:1: E402 Module level import not at top of file
2025-08-08T07:11:24.5983290Z    |
2025-08-08T07:11:24.5983439Z 39 | import shutil
2025-08-08T07:11:24.5983609Z 40 | import tempfile
2025-08-08T07:11:24.5983988Z 41 | import argparse
2025-08-08T07:11:24.5984252Z    | ^^^^^^^^^^^^^^^ E402
2025-08-08T07:11:24.5984703Z 42 | import importlib
2025-08-08T07:11:24.5984905Z 43 | from base64 import b85decode
2025-08-08T07:11:24.5985137Z    |
2025-08-08T07:11:24.5985220Z 
2025-08-08T07:11:24.5985349Z get-pip.py:42:1: E402 Module level import not at top of file
2025-08-08T07:11:24.5985616Z    |
2025-08-08T07:11:24.5985763Z 40 | import tempfile
2025-08-08T07:11:24.5985936Z 41 | import argparse
2025-08-08T07:11:24.5986116Z 42 | import importlib
2025-08-08T07:11:24.5986295Z    | ^^^^^^^^^^^^^^^^ E402
2025-08-08T07:11:24.5986495Z 43 | from base64 import b85decode
2025-08-08T07:11:24.5986696Z    |
2025-08-08T07:11:24.5986781Z 
2025-08-08T07:11:24.5986905Z get-pip.py:43:1: E402 Module level import not at top of file
2025-08-08T07:11:24.5987170Z    |
2025-08-08T07:11:24.5987313Z 41 | import argparse
2025-08-08T07:11:24.5987528Z 42 | import importlib
2025-08-08T07:11:24.5987818Z 43 | from base64 import b85decode
2025-08-08T07:11:24.5988037Z    | ^^^^^^^^^^^^^^^^^^^^^^^^^^^^ E402
2025-08-08T07:11:24.5988243Z    |
2025-08-08T07:11:24.5988336Z 
2025-08-08T07:11:24.5988404Z Found 7 errors.
2025-08-08T07:11:24.6005922Z ##[error]Process completed with exit code 1.
2025-08-08T07:11:24.6105755Z Post job cleanup.
2025-08-08T07:11:24.7058907Z [command]/usr/bin/git version
2025-08-08T07:11:24.7095966Z git version 2.50.1
2025-08-08T07:11:24.7146855Z Temporarily overriding HOME='/home/runner/work/_temp/fc939c4e-2a06-4a9f-aeb0-70dcb9024598' before making global git config changes
2025-08-08T07:11:24.7148021Z Adding repository directory to the temporary git global config as a safe directory
2025-08-08T07:11:24.7152909Z [command]/usr/bin/git config --global --add safe.directory /home/runner/work/Portable-Alpha-Extension-Model/Portable-Alpha-Extension-Model
2025-08-08T07:11:24.7191038Z [command]/usr/bin/git config --local --name-only --get-regexp core\.sshCommand
2025-08-08T07:11:24.7225061Z [command]/usr/bin/git submodule foreach --recursive sh -c "git config --local --name-only --get-regexp 'core\.sshCommand' && git config --local --unset-all 'core.sshCommand' || :"
2025-08-08T07:11:24.7463466Z [command]/usr/bin/git config --local --name-only --get-regexp http\.https\:\/\/github\.com\/\.extraheader
2025-08-08T07:11:24.7487901Z http.https://github.com/.extraheader
2025-08-08T07:11:24.7503725Z [command]/usr/bin/git config --local --unset-all http.https://github.com/.extraheader
2025-08-08T07:11:24.7540473Z [command]/usr/bin/git submodule foreach --recursive sh -c "git config --local --name-only --get-regexp 'http\.https\:\/\/github\.com\/\.extraheader' && git config --local --unset-all 'http.https://github.com/.extraheader' || :"
2025-08-08T07:11:24.7875788Z Cleaning up orphan processes
